Archive member included to satisfy reference by file (symbol)

c:/st/stm32cubeide_1.7.0/stm32cubeide/plugins/com.st.stm32cube.ide.mcu.externaltools.gnu-tools-for-stm32.9-2020-q2-update.win32_2.0.0.202105311346/tools/bin/../lib/gcc/arm-none-eabi/9.3.1/../../../../arm-none-eabi/lib/thumb/v7-m/nofp\libc_nano.a(lib_a-errno.o)
                              ./Core/Src/syscalls.o (__errno)
c:/st/stm32cubeide_1.7.0/stm32cubeide/plugins/com.st.stm32cube.ide.mcu.externaltools.gnu-tools-for-stm32.9-2020-q2-update.win32_2.0.0.202105311346/tools/bin/../lib/gcc/arm-none-eabi/9.3.1/../../../../arm-none-eabi/lib/thumb/v7-m/nofp\libc_nano.a(lib_a-exit.o)
                              c:/st/stm32cubeide_1.7.0/stm32cubeide/plugins/com.st.stm32cube.ide.mcu.externaltools.gnu-tools-for-stm32.9-2020-q2-update.win32_2.0.0.202105311346/tools/bin/../lib/gcc/arm-none-eabi/9.3.1/../../../../arm-none-eabi/lib/thumb/v7-m/nofp/crt0.o (exit)
c:/st/stm32cubeide_1.7.0/stm32cubeide/plugins/com.st.stm32cube.ide.mcu.externaltools.gnu-tools-for-stm32.9-2020-q2-update.win32_2.0.0.202105311346/tools/bin/../lib/gcc/arm-none-eabi/9.3.1/../../../../arm-none-eabi/lib/thumb/v7-m/nofp\libc_nano.a(lib_a-impure.o)
                              c:/st/stm32cubeide_1.7.0/stm32cubeide/plugins/com.st.stm32cube.ide.mcu.externaltools.gnu-tools-for-stm32.9-2020-q2-update.win32_2.0.0.202105311346/tools/bin/../lib/gcc/arm-none-eabi/9.3.1/../../../../arm-none-eabi/lib/thumb/v7-m/nofp\libc_nano.a(lib_a-exit.o) (_global_impure_ptr)
c:/st/stm32cubeide_1.7.0/stm32cubeide/plugins/com.st.stm32cube.ide.mcu.externaltools.gnu-tools-for-stm32.9-2020-q2-update.win32_2.0.0.202105311346/tools/bin/../lib/gcc/arm-none-eabi/9.3.1/../../../../arm-none-eabi/lib/thumb/v7-m/nofp\libc_nano.a(lib_a-init.o)
                              c:/st/stm32cubeide_1.7.0/stm32cubeide/plugins/com.st.stm32cube.ide.mcu.externaltools.gnu-tools-for-stm32.9-2020-q2-update.win32_2.0.0.202105311346/tools/bin/../lib/gcc/arm-none-eabi/9.3.1/../../../../arm-none-eabi/lib/thumb/v7-m/nofp/crt0.o (__libc_init_array)
c:/st/stm32cubeide_1.7.0/stm32cubeide/plugins/com.st.stm32cube.ide.mcu.externaltools.gnu-tools-for-stm32.9-2020-q2-update.win32_2.0.0.202105311346/tools/bin/../lib/gcc/arm-none-eabi/9.3.1/../../../../arm-none-eabi/lib/thumb/v7-m/nofp\libc_nano.a(lib_a-memset.o)
                              c:/st/stm32cubeide_1.7.0/stm32cubeide/plugins/com.st.stm32cube.ide.mcu.externaltools.gnu-tools-for-stm32.9-2020-q2-update.win32_2.0.0.202105311346/tools/bin/../lib/gcc/arm-none-eabi/9.3.1/../../../../arm-none-eabi/lib/thumb/v7-m/nofp/crt0.o (memset)
c:/st/stm32cubeide_1.7.0/stm32cubeide/plugins/com.st.stm32cube.ide.mcu.externaltools.gnu-tools-for-stm32.9-2020-q2-update.win32_2.0.0.202105311346/tools/bin/../lib/gcc/arm-none-eabi/9.3.1/../../../../arm-none-eabi/lib/thumb/v7-m/nofp\libc_nano.a(lib_a-sprintf.o)
                              ./Core/Src/UART.o (sprintf)
c:/st/stm32cubeide_1.7.0/stm32cubeide/plugins/com.st.stm32cube.ide.mcu.externaltools.gnu-tools-for-stm32.9-2020-q2-update.win32_2.0.0.202105311346/tools/bin/../lib/gcc/arm-none-eabi/9.3.1/../../../../arm-none-eabi/lib/thumb/v7-m/nofp\libc_nano.a(lib_a-nano-svfprintf.o)
                              c:/st/stm32cubeide_1.7.0/stm32cubeide/plugins/com.st.stm32cube.ide.mcu.externaltools.gnu-tools-for-stm32.9-2020-q2-update.win32_2.0.0.202105311346/tools/bin/../lib/gcc/arm-none-eabi/9.3.1/../../../../arm-none-eabi/lib/thumb/v7-m/nofp\libc_nano.a(lib_a-sprintf.o) (_svfprintf_r)
c:/st/stm32cubeide_1.7.0/stm32cubeide/plugins/com.st.stm32cube.ide.mcu.externaltools.gnu-tools-for-stm32.9-2020-q2-update.win32_2.0.0.202105311346/tools/bin/../lib/gcc/arm-none-eabi/9.3.1/../../../../arm-none-eabi/lib/thumb/v7-m/nofp\libc_nano.a(lib_a-nano-vfprintf_i.o)
                              c:/st/stm32cubeide_1.7.0/stm32cubeide/plugins/com.st.stm32cube.ide.mcu.externaltools.gnu-tools-for-stm32.9-2020-q2-update.win32_2.0.0.202105311346/tools/bin/../lib/gcc/arm-none-eabi/9.3.1/../../../../arm-none-eabi/lib/thumb/v7-m/nofp\libc_nano.a(lib_a-nano-svfprintf.o) (_printf_i)
c:/st/stm32cubeide_1.7.0/stm32cubeide/plugins/com.st.stm32cube.ide.mcu.externaltools.gnu-tools-for-stm32.9-2020-q2-update.win32_2.0.0.202105311346/tools/bin/../lib/gcc/arm-none-eabi/9.3.1/../../../../arm-none-eabi/lib/thumb/v7-m/nofp\libc_nano.a(lib_a-memchr-stub.o)
                              c:/st/stm32cubeide_1.7.0/stm32cubeide/plugins/com.st.stm32cube.ide.mcu.externaltools.gnu-tools-for-stm32.9-2020-q2-update.win32_2.0.0.202105311346/tools/bin/../lib/gcc/arm-none-eabi/9.3.1/../../../../arm-none-eabi/lib/thumb/v7-m/nofp\libc_nano.a(lib_a-nano-svfprintf.o) (memchr)
c:/st/stm32cubeide_1.7.0/stm32cubeide/plugins/com.st.stm32cube.ide.mcu.externaltools.gnu-tools-for-stm32.9-2020-q2-update.win32_2.0.0.202105311346/tools/bin/../lib/gcc/arm-none-eabi/9.3.1/../../../../arm-none-eabi/lib/thumb/v7-m/nofp\libc_nano.a(lib_a-memcpy-stub.o)
[...]
Memory Configuration

Name             Origin             Length             Attributes
RAM              0x0000000020000000 0x0000000000005000 xrw
FLASH            0x0000000008000000 0x0000000000020000 xr
*default*        0x0000000000000000 0xffffffffffffffff

Linker script and memory map

LOAD c:/st/stm32cubeide_1.7.0/stm32cubeide/plugins/com.st.stm32cube.ide.mcu.externaltools.gnu-tools-for-stm32.9-2020-q2-update.win32_2.0.0.202105311346/tools/bin/../lib/gcc/arm-none-eabi/9.3.1/thumb/v7-m/nofp/crti.o
LOAD c:/st/stm32cubeide_1.7.0/stm32cubeide/plugins/com.st.stm32cube.ide.mcu.externaltools.gnu-tools-for-stm32.9-2020-q2-update.win32_2.0.0.202105311346/tools/bin/../lib/gcc/arm-none-eabi/9.3.1/thumb/v7-m/nofp/crtbegin.o
LOAD c:/st/stm32cubeide_1.7.0/stm32cubeide/plugins/com.st.stm32cube.ide.mcu.externaltools.gnu-tools-for-stm32.9-2020-q2-update.win32_2.0.0.202105311346/tools/bin/../lib/gcc/arm-none-eabi/9.3.1/../../../../arm-none-eabi/lib/thumb/v7-m/nofp/crt0.o
LOAD ./Core/Src/UART.o
LOAD ./Core/Src/fsm_automatic.o
LOAD ./Core/Src/fsm_manual.o
LOAD ./Core/Src/fsm_system.o
LOAD ./Core/Src/fsm_tuning.o
LOAD ./Core/Src/global.o
LOAD ./Core/Src/main.o
LOAD ./Core/Src/pedestrian.o
LOAD ./Core/Src/reading_button.o
LOAD ./Core/Src/setting_led.o
LOAD ./Core/Src/software_timer.o
LOAD ./Core/Src/stm32f1xx_hal_msp.o
LOAD ./Core/Src/stm32f1xx_it.o
LOAD ./Core/Src/syscalls.o
LOAD ./Core/Src/sysmem.o
LOAD ./Core/Src/system_stm32f1xx.o
LOAD ./Core/Src/traffic.o
LOAD ./Core/Startup/startup_stm32f103rbtx.o
LOAD ./Drivers/STM32F1xx_HAL_Driver/Src/stm32f1xx_hal.o
LOAD ./Drivers/STM32F1xx_HAL_Driver/Src/stm32f1xx_hal_cortex.o
LOAD ./Drivers/STM32F1xx_HAL_Driver/Src/stm32f1xx_hal_dma.o
LOAD ./Drivers/STM32F1xx_HAL_Driver/Src/stm32f1xx_hal_exti.o
LOAD ./Drivers/STM32F1xx_HAL_Driver/Src/stm32f1xx_hal_flash.o
LOAD ./Drivers/STM32F1xx_HAL_Driver/Src/stm32f1xx_hal_flash_ex.o
LOAD ./Drivers/STM32F1xx_HAL_Driver/Src/stm32f1xx_hal_gpio.o
LOAD ./Drivers/STM32F1xx_HAL_Driver/Src/stm32f1xx_hal_gpio_ex.o
LOAD ./Drivers/STM32F1xx_HAL_Driver/Src/stm32f1xx_hal_pwr.o
LOAD ./Drivers/STM32F1xx_HAL_Driver/Src/stm32f1xx_hal_rcc.o
LOAD ./Drivers/STM32F1xx_HAL_Driver/Src/stm32f1xx_hal_rcc_ex.o
LOAD ./Drivers/STM32F1xx_HAL_Driver/Src/stm32f1xx_hal_tim.o
LOAD ./Drivers/STM32F1xx_HAL_Driver/Src/stm32f1xx_hal_tim_ex.o
LOAD ./Drivers/STM32F1xx_HAL_Driver/Src/stm32f1xx_hal_uart.o
START GROUP
LOAD c:/st/stm32cubeide_1.7.0/stm32cubeide/plugins/com.st.stm32cube.ide.mcu.externaltools.gnu-tools-for-stm32.9-2020-q2-update.win32_2.0.0.202105311346/tools/bin/../lib/gcc/arm-none-eabi/9.3.1/../../../../arm-none-eabi/lib/thumb/v7-m/nofp\libc_nano.a
LOAD c:/st/stm32cubeide_1.7.0/stm32cubeide/plugins/com.st.stm32cube.ide.mcu.externaltools.gnu-tools-for-stm32.9-2020-q2-update.win32_2.0.0.202105311346/tools/bin/../lib/gcc/arm-none-eabi/9.3.1/../../../../arm-none-eabi/lib/thumb/v7-m/nofp\libm.a
END GROUP
START GROUP
LOAD c:/st/stm32cubeide_1.7.0/stm32cubeide/plugins/com.st.stm32cube.ide.mcu.externaltools.gnu-tools-for-stm32.9-2020-q2-update.win32_2.0.0.202105311346/tools/bin/../lib/gcc/arm-none-eabi/9.3.1/thumb/v7-m/nofp\libgcc.a
LOAD c:/st/stm32cubeide_1.7.0/stm32cubeide/plugins/com.st.stm32cube.ide.mcu.externaltools.gnu-tools-for-stm32.9-2020-q2-update.win32_2.0.0.202105311346/tools/bin/../lib/gcc/arm-none-eabi/9.3.1/../../../../arm-none-eabi/lib/thumb/v7-m/nofp\libc_nano.a
END GROUP
START GROUP
LOAD c:/st/stm32cubeide_1.7.0/stm32cubeide/plugins/com.st.stm32cube.ide.mcu.externaltools.gnu-tools-for-stm32.9-2020-q2-update.win32_2.0.0.202105311346/tools/bin/../lib/gcc/arm-none-eabi/9.3.1/thumb/v7-m/nofp\libgcc.a
LOAD c:/st/stm32cubeide_1.7.0/stm32cubeide/plugins/com.st.stm32cube.ide.mcu.externaltools.gnu-tools-for-stm32.9-2020-q2-update.win32_2.0.0.202105311346/tools/bin/../lib/gcc/arm-none-eabi/9.3.1/../../../../arm-none-eabi/lib/thumb/v7-m/nofp\libc_nano.a
LOAD c:/st/stm32cubeide_1.7.0/stm32cubeide/plugins/com.st.stm32cube.ide.mcu.externaltools.gnu-tools-for-stm32.9-2020-q2-update.win32_2.0.0.202105311346/tools/bin/../lib/gcc/arm-none-eabi/9.3.1/../../../../arm-none-eabi/lib/thumb/v7-m/nofp\libnosys.a
END GROUP
START GROUP
LOAD c:/st/stm32cubeide_1.7.0/stm32cubeide/plugins/com.st.stm32cube.ide.mcu.externaltools.gnu-tools-for-stm32.9-2020-q2-update.win32_2.0.0.202105311346/tools/bin/../lib/gcc/arm-none-eabi/9.3.1/thumb/v7-m/nofp\libgcc.a
LOAD c:/st/stm32cubeide_1.7.0/stm32cubeide/plugins/com.st.stm32cube.ide.mcu.externaltools.gnu-tools-for-stm32.9-2020-q2-update.win32_2.0.0.202105311346/tools/bin/../lib/gcc/arm-none-eabi/9.3.1/../../../../arm-none-eabi/lib/thumb/v7-m/nofp\libc_nano.a
LOAD c:/st/stm32cubeide_1.7.0/stm32cubeide/plugins/com.st.stm32cube.ide.mcu.externaltools.gnu-tools-for-stm32.9-2020-q2-update.win32_2.0.0.202105311346/tools/bin/../lib/gcc/arm-none-eabi/9.3.1/../../../../arm-none-eabi/lib/thumb/v7-m/nofp\libnosys.a
END GROUP
LOAD c:/st/stm32cubeide_1.7.0/stm32cubeide/plugins/com.st.stm32cube.ide.mcu.externaltools.gnu-tools-for-stm32.9-2020-q2-update.win32_2.0.0.202105311346/tools/bin/../lib/gcc/arm-none-eabi/9.3.1/thumb/v7-m/nofp/crtend.o
LOAD c:/st/stm32cubeide_1.7.0/stm32cubeide/plugins/com.st.stm32cube.ide.mcu.externaltools.gnu-tools-for-stm32.9-2020-q2-update.win32_2.0.0.202105311346/tools/bin/../lib/gcc/arm-none-eabi/9.3.1/thumb/v7-m/nofp/crtn.o
                0x0000000020005000                _estack = (ORIGIN (RAM) + LENGTH (RAM))
                0x0000000000000200                _Min_Heap_Size = 0x200
                0x0000000000000400                _Min_Stack_Size = 0x400

.isr_vector     0x0000000008000000      0x10c
                0x0000000008000000                . = ALIGN (0x4)
 *(.isr_vector)
 .isr_vector    0x0000000008000000      0x10c ./Core/Startup/startup_stm32f103rbtx.o
                0x0000000008000000                g_pfnVectors
                0x000000000800010c                . = ALIGN (0x4)

.text           0x000000000800010c     0x4808
                0x000000000800010c                . = ALIGN (0x4)
 *(.text)
 .text          0x000000000800010c       0x40 c:/st/stm32cubeide_1.7.0/stm32cubeide/plugins/com.st.stm32cube.ide.mcu.externaltools.gnu-tools-for-stm32.9-2020-q2-update.win32_2.0.0.202105311346/tools/bin/../lib/gcc/arm-none-eabi/9.3.1/thumb/v7-m/nofp/crtbegin.o
 *(.text*)
 .text.sendDATA
                0x000000000800014c       0xf8 ./Core/Src/UART.o
                0x000000000800014c                sendDATA
 .text.sendDATA_Manual
                0x0000000008000244       0xb8 ./Core/Src/UART.o
                0x0000000008000244                sendDATA_Manual
 .text.sendVALUE_SETTING
                0x00000000080002fc       0xc4 ./Core/Src/UART.o
                0x00000000080002fc                sendVALUE_SETTING
 .text.fsm_automatic_run
                0x00000000080003c0      0x150 ./Core/Src/fsm_automatic.o
                0x00000000080003c0                fsm_automatic_run
 .text.fsm_manual_run
                0x0000000008000510      0x170 ./Core/Src/fsm_manual.o
                0x0000000008000510                fsm_manual_run
 .text.RunSystem
                0x0000000008000680      0x12c ./Core/Src/fsm_system.o
                0x0000000008000680                RunSystem
 .text.fsm_tuning_run
                0x00000000080007ac      0x1a4 ./Core/Src/fsm_tuning.o
                0x00000000080007ac                fsm_tuning_run
 .text.main     0x0000000008000950       0x80 ./Core/Src/main.o
                0x0000000008000950                main
 .text.SystemClock_Config
                0x00000000080009d0       0x82 ./Core/Src/main.o
                0x00000000080009d0                SystemClock_Config
 *fill*         0x0000000008000a52        0x2 
 .text.MX_TIM2_Init
                0x0000000008000a54       0x98 ./Core/Src/main.o
 .text.MX_TIM3_Init
                0x0000000008000aec       0xec ./Core/Src/main.o
 .text.MX_USART2_UART_Init
                0x0000000008000bd8       0x54 ./Core/Src/main.o
 .text.MX_GPIO_Init
                0x0000000008000c2c      0x114 ./Core/Src/main.o
 .text.HAL_TIM_PeriodElapsedCallback
                0x0000000008000d40       0x18 ./Core/Src/main.o
                0x0000000008000d40                HAL_TIM_PeriodElapsedCallback
 .text.Error_Handler
                0x0000000008000d58        0xa ./Core/Src/main.o
                0x0000000008000d58                Error_Handler
 *fill*         0x0000000008000d62        0x2 
 .text.pedestrian_run
                0x0000000008000d64       0xe4 ./Core/Src/pedestrian.o
                0x0000000008000d64                pedestrian_run
 .text.ReadingButton
                0x0000000008000e48      0x1b0 ./Core/Src/reading_button.o
                0x0000000008000e48                ReadingButton
 .text.isButtonPress
                0x0000000008000ff8       0x3c ./Core/Src/reading_button.o
                0x0000000008000ff8                isButtonPress
 .text.Button1IsPressed
                0x0000000008001034       0x10 ./Core/Src/reading_button.o
                0x0000000008001034                Button1IsPressed
 .text.Button2IsPressed
                0x0000000008001044       0x10 ./Core/Src/reading_button.o
                0x0000000008001044                Button2IsPressed
 .text.Button3IsPressed
                0x0000000008001054       0x10 ./Core/Src/reading_button.o
                0x0000000008001054                Button3IsPressed
 .text.PesButtonIsPressed
                0x0000000008001064       0x10 ./Core/Src/reading_button.o
                0x0000000008001064                PesButtonIsPressed
 .text.turnOnRedLed1
                0x0000000008001074       0x28 ./Core/Src/setting_led.o
                0x0000000008001074                turnOnRedLed1
 .text.turnOnYellowLed1
                0x000000000800109c       0x28 ./Core/Src/setting_led.o
                0x000000000800109c                turnOnYellowLed1
 .text.turnOnGreenLed1
                0x00000000080010c4       0x28 ./Core/Src/setting_led.o
                0x00000000080010c4                turnOnGreenLed1
 .text.turnOffAllLed1
                0x00000000080010ec       0x28 ./Core/Src/setting_led.o
                0x00000000080010ec                turnOffAllLed1
 .text.turnOnRedLed2
                0x0000000008001114       0x20 ./Core/Src/setting_led.o
                0x0000000008001114                turnOnRedLed2
 .text.turnOnYellowLed2
                0x0000000008001134       0x20 ./Core/Src/setting_led.o
                0x0000000008001134                turnOnYellowLed2
 .text.turnOnGreenLed2
                0x0000000008001154       0x20 ./Core/Src/setting_led.o
                0x0000000008001154                turnOnGreenLed2
 .text.turnOffAllLed2
                0x0000000008001174       0x20 ./Core/Src/setting_led.o
                0x0000000008001174                turnOffAllLed2
 .text.turnOnPesRedLed
                0x0000000008001194       0x24 ./Core/Src/setting_led.o
                0x0000000008001194                turnOnPesRedLed
 .text.turnOnPesGreenLed
                0x00000000080011b8       0x24 ./Core/Src/setting_led.o
                0x00000000080011b8                turnOnPesGreenLed
 .text.turnOffAllPesLed
                0x00000000080011dc       0x24 ./Core/Src/setting_led.o
                0x00000000080011dc                turnOffAllPesLed
 .text.turnOffAllLed
                0x0000000008001200       0x14 ./Core/Src/setting_led.o
                0x0000000008001200                turnOffAllLed
 .text.BlinkyPesGreenLed
                0x0000000008001214       0x24 ./Core/Src/setting_led.o
                0x0000000008001214                BlinkyPesGreenLed
 .text.BlinkyAllRedLed
                0x0000000008001238       0x38 ./Core/Src/setting_led.o
                0x0000000008001238                BlinkyAllRedLed
 .text.BlinkyAllYellowLed
                0x0000000008001270       0x34 ./Core/Src/setting_led.o
                0x0000000008001270                BlinkyAllYellowLed
 .text.BlinkyAllGreenLed
                0x00000000080012a4       0x38 ./Core/Src/setting_led.o
                0x00000000080012a4                BlinkyAllGreenLed
 .text.setTimer1
                0x00000000080012dc       0x34 ./Core/Src/software_timer.o
                0x00000000080012dc                setTimer1
 .text.setTimer2
                0x0000000008001310       0x34 ./Core/Src/software_timer.o
                0x0000000008001310                setTimer2
 .text.setTimer3
                0x0000000008001344       0x34 ./Core/Src/software_timer.o
                0x0000000008001344                setTimer3
 .text.timerRun
                0x0000000008001378       0xac ./Core/Src/software_timer.o
                0x0000000008001378                timerRun
 .text.HAL_MspInit
                0x0000000008001424       0x64 ./Core/Src/stm32f1xx_hal_msp.o
                0x0000000008001424                HAL_MspInit
 .text.HAL_TIM_Base_MspInit
                0x0000000008001488       0x80 ./Core/Src/stm32f1xx_hal_msp.o
                0x0000000008001488                HAL_TIM_Base_MspInit
 .text.HAL_TIM_MspPostInit
                0x0000000008001508       0x64 ./Core/Src/stm32f1xx_hal_msp.o
                0x0000000008001508                HAL_TIM_MspPostInit
 .text.HAL_UART_MspInit
                0x000000000800156c       0xa4 ./Core/Src/stm32f1xx_hal_msp.o
                0x000000000800156c                HAL_UART_MspInit
 .text.NMI_Handler
                0x0000000008001610        0x6 ./Core/Src/stm32f1xx_it.o
                0x0000000008001610                NMI_Handler
 .text.HardFault_Handler
                0x0000000008001616        0x6 ./Core/Src/stm32f1xx_it.o
                0x0000000008001616                HardFault_Handler
 .text.MemManage_Handler
                0x000000000800161c        0x6 ./Core/Src/stm32f1xx_it.o
                0x000000000800161c                MemManage_Handler
 .text.BusFault_Handler
                0x0000000008001622        0x6 ./Core/Src/stm32f1xx_it.o
                0x0000000008001622                BusFault_Handler
 .text.UsageFault_Handler
                0x0000000008001628        0x6 ./Core/Src/stm32f1xx_it.o
                0x0000000008001628                UsageFault_Handler
 .text.SVC_Handler
                0x000000000800162e        0xc ./Core/Src/stm32f1xx_it.o
                0x000000000800162e                SVC_Handler
 .text.DebugMon_Handler
                0x000000000800163a        0xc ./Core/Src/stm32f1xx_it.o
                0x000000000800163a                DebugMon_Handler
 .text.PendSV_Handler
                0x0000000008001646        0xc ./Core/Src/stm32f1xx_it.o
                0x0000000008001646                PendSV_Handler
 .text.SysTick_Handler
                0x0000000008001652        0xc ./Core/Src/stm32f1xx_it.o
                0x0000000008001652                SysTick_Handler
 *fill*         0x000000000800165e        0x2 
 .text.TIM2_IRQHandler
                0x0000000008001660       0x14 ./Core/Src/stm32f1xx_it.o
                0x0000000008001660                TIM2_IRQHandler
 .text.TIM3_IRQHandler
                0x0000000008001674       0x14 ./Core/Src/stm32f1xx_it.o
                0x0000000008001674                TIM3_IRQHandler
 .text.USART2_IRQHandler
                0x0000000008001688       0x14 ./Core/Src/stm32f1xx_it.o
                0x0000000008001688                USART2_IRQHandler
 .text._sbrk    0x000000000800169c       0x6c ./Core/Src/sysmem.o
                0x000000000800169c                _sbrk
 .text.SystemInit
                0x0000000008001708        0xc ./Core/Src/system_stm32f1xx.o
                0x0000000008001708                SystemInit
 .text.init_traffic_light
                0x0000000008001714       0x4c ./Core/Src/traffic.o
                0x0000000008001714                init_traffic_light
 .text.Reset_Handler
                0x0000000008001760       0x48 ./Core/Startup/startup_stm32f103rbtx.o
                0x0000000008001760                Reset_Handler
 .text.Default_Handler
                0x00000000080017a8        0x2 ./Core/Startup/startup_stm32f103rbtx.o
                0x00000000080017a8                RTC_Alarm_IRQHandler
                0x00000000080017a8                EXTI2_IRQHandler
                0x00000000080017a8                TIM1_CC_IRQHandler
                0x00000000080017a8                PVD_IRQHandler
                0x00000000080017a8                EXTI3_IRQHandler
                0x00000000080017a8                EXTI0_IRQHandler
                0x00000000080017a8                I2C2_EV_IRQHandler
                0x00000000080017a8                ADC1_2_IRQHandler
                0x00000000080017a8                SPI1_IRQHandler
                0x00000000080017a8                TAMPER_IRQHandler
                0x00000000080017a8                DMA1_Channel4_IRQHandler
                0x00000000080017a8                USART3_IRQHandler
                0x00000000080017a8                RTC_IRQHandler
                0x00000000080017a8                DMA1_Channel7_IRQHandler
                0x00000000080017a8                CAN1_RX1_IRQHandler
                0x00000000080017a8                TIM4_IRQHandler
                0x00000000080017a8                I2C1_EV_IRQHandler
                0x00000000080017a8                DMA1_Channel6_IRQHandler
                0x00000000080017a8                RCC_IRQHandler
                0x00000000080017a8                TIM1_TRG_COM_IRQHandler
                0x00000000080017a8                DMA1_Channel1_IRQHandler
                0x00000000080017a8                Default_Handler
                0x00000000080017a8                EXTI15_10_IRQHandler
                0x00000000080017a8                EXTI9_5_IRQHandler
                0x00000000080017a8                SPI2_IRQHandler
                0x00000000080017a8                DMA1_Channel5_IRQHandler
                0x00000000080017a8                EXTI4_IRQHandler
                0x00000000080017a8                USB_LP_CAN1_RX0_IRQHandler
                0x00000000080017a8                USB_HP_CAN1_TX_IRQHandler
                0x00000000080017a8                DMA1_Channel3_IRQHandler
                0x00000000080017a8                TIM1_UP_IRQHandler
                0x00000000080017a8                WWDG_IRQHandler
                0x00000000080017a8                TIM1_BRK_IRQHandler
                0x00000000080017a8                EXTI1_IRQHandler
                0x00000000080017a8                I2C2_ER_IRQHandler
                0x00000000080017a8                DMA1_Channel2_IRQHandler
                0x00000000080017a8                CAN1_SCE_IRQHandler
                0x00000000080017a8                FLASH_IRQHandler
                0x00000000080017a8                USART1_IRQHandler
                0x00000000080017a8                I2C1_ER_IRQHandler
                0x00000000080017a8                USBWakeUp_IRQHandler
 *fill*         0x00000000080017aa        0x2 
 .text.HAL_Init
                0x00000000080017ac       0x2c ./Drivers/STM32F1xx_HAL_Driver/Src/stm32f1xx_hal.o
                0x00000000080017ac                HAL_Init
 .text.HAL_InitTick
                0x00000000080017d8       0x60 ./Drivers/STM32F1xx_HAL_Driver/Src/stm32f1xx_hal.o
                0x00000000080017d8                HAL_InitTick
 .text.HAL_IncTick
                0x0000000008001838       0x24 ./Drivers/STM32F1xx_HAL_Driver/Src/stm32f1xx_hal.o
                0x0000000008001838                HAL_IncTick
 .text.HAL_GetTick
                0x000000000800185c       0x14 ./Drivers/STM32F1xx_HAL_Driver/Src/stm32f1xx_hal.o
                0x000000000800185c                HAL_GetTick
 .text.__NVIC_SetPriorityGrouping
                0x0000000008001870       0x48 ./Drivers/STM32F1xx_HAL_Driver/Src/stm32f1xx_hal_cortex.o
 .text.__NVIC_GetPriorityGrouping
                0x00000000080018b8       0x1c ./Drivers/STM32F1xx_HAL_Driver/Src/stm32f1xx_hal_cortex.o
 .text.__NVIC_EnableIRQ
                0x00000000080018d4       0x38 ./Drivers/STM32F1xx_HAL_Driver/Src/stm32f1xx_hal_cortex.o
 .text.__NVIC_SetPriority
                0x000000000800190c       0x54 ./Drivers/STM32F1xx_HAL_Driver/Src/stm32f1xx_hal_cortex.o
 .text.NVIC_EncodePriority
                0x0000000008001960       0x64 ./Drivers/STM32F1xx_HAL_Driver/Src/stm32f1xx_hal_cortex.o
 .text.SysTick_Config
                0x00000000080019c4       0x44 ./Drivers/STM32F1xx_HAL_Driver/Src/stm32f1xx_hal_cortex.o
 .text.HAL_NVIC_SetPriorityGrouping
                0x0000000008001a08       0x16 ./Drivers/STM32F1xx_HAL_Driver/Src/stm32f1xx_hal_cortex.o
                0x0000000008001a08                HAL_NVIC_SetPriorityGrouping
 .text.HAL_NVIC_SetPriority
                0x0000000008001a1e       0x38 ./Drivers/STM32F1xx_HAL_Driver/Src/stm32f1xx_hal_cortex.o
                0x0000000008001a1e                HAL_NVIC_SetPriority
 .text.HAL_NVIC_EnableIRQ
                0x0000000008001a56       0x1c ./Drivers/STM32F1xx_HAL_Driver/Src/stm32f1xx_hal_cortex.o
                0x0000000008001a56                HAL_NVIC_EnableIRQ
 .text.HAL_SYSTICK_Config
                0x0000000008001a72       0x18 ./Drivers/STM32F1xx_HAL_Driver/Src/stm32f1xx_hal_cortex.o
                0x0000000008001a72                HAL_SYSTICK_Config
 .text.HAL_DMA_Abort
                0x0000000008001a8a       0x74 ./Drivers/STM32F1xx_HAL_Driver/Src/stm32f1xx_hal_dma.o
                0x0000000008001a8a                HAL_DMA_Abort
 *fill*         0x0000000008001afe        0x2 
 .text.HAL_DMA_Abort_IT
                0x0000000008001b00       0xec ./Drivers/STM32F1xx_HAL_Driver/Src/stm32f1xx_hal_dma.o
                0x0000000008001b00                HAL_DMA_Abort_IT
 .text.HAL_GPIO_Init
                0x0000000008001bec      0x308 ./Drivers/STM32F1xx_HAL_Driver/Src/stm32f1xx_hal_gpio.o
                0x0000000008001bec                HAL_GPIO_Init
 .text.HAL_GPIO_ReadPin
                0x0000000008001ef4       0x2e ./Drivers/STM32F1xx_HAL_Driver/Src/stm32f1xx_hal_gpio.o
                0x0000000008001ef4                HAL_GPIO_ReadPin
 .text.HAL_GPIO_WritePin
                0x0000000008001f22       0x30 ./Drivers/STM32F1xx_HAL_Driver/Src/stm32f1xx_hal_gpio.o
                0x0000000008001f22                HAL_GPIO_WritePin
 .text.HAL_GPIO_TogglePin
                0x0000000008001f52       0x32 ./Drivers/STM32F1xx_HAL_Driver/Src/stm32f1xx_hal_gpio.o
                0x0000000008001f52                HAL_GPIO_TogglePin
 .text.HAL_RCC_OscConfig
                0x0000000008001f84      0x500 ./Drivers/STM32F1xx_HAL_Driver/Src/stm32f1xx_hal_rcc.o
                0x0000000008001f84                HAL_RCC_OscConfig
 .text.HAL_RCC_ClockConfig
                0x0000000008002484      0x1d4 ./Drivers/STM32F1xx_HAL_Driver/Src/stm32f1xx_hal_rcc.o
                0x0000000008002484                HAL_RCC_ClockConfig
 .text.HAL_RCC_GetSysClockFreq
                0x0000000008002658       0xc0 ./Drivers/STM32F1xx_HAL_Driver/Src/stm32f1xx_hal_rcc.o
                0x0000000008002658                HAL_RCC_GetSysClockFreq
 .text.HAL_RCC_GetHCLKFreq
                0x0000000008002718       0x14 ./Drivers/STM32F1xx_HAL_Driver/Src/stm32f1xx_hal_rcc.o
                0x0000000008002718                HAL_RCC_GetHCLKFreq
 .text.HAL_RCC_GetPCLK1Freq
                0x000000000800272c       0x28 ./Drivers/STM32F1xx_HAL_Driver/Src/stm32f1xx_hal_rcc.o
                0x000000000800272c                HAL_RCC_GetPCLK1Freq
 .text.HAL_RCC_GetPCLK2Freq
                0x0000000008002754       0x28 ./Drivers/STM32F1xx_HAL_Driver/Src/stm32f1xx_hal_rcc.o
                0x0000000008002754                HAL_RCC_GetPCLK2Freq
 .text.RCC_Delay
                0x000000000800277c       0x3c ./Drivers/STM32F1xx_HAL_Driver/Src/stm32f1xx_hal_rcc.o
 .text.HAL_TIM_Base_Init
                0x00000000080027b8       0x9e ./Drivers/STM32F1xx_HAL_Driver/Src/stm32f1xx_hal_tim.o
                0x00000000080027b8                HAL_TIM_Base_Init
 *fill*         0x0000000008002856        0x2 
 .text.HAL_TIM_Base_Start_IT
                0x0000000008002858       0xa4 ./Drivers/STM32F1xx_HAL_Driver/Src/stm32f1xx_hal_tim.o
                0x0000000008002858                HAL_TIM_Base_Start_IT
 .text.HAL_TIM_PWM_Init
                0x00000000080028fc       0x9e ./Drivers/STM32F1xx_HAL_Driver/Src/stm32f1xx_hal_tim.o
                0x00000000080028fc                HAL_TIM_PWM_Init
 .text.HAL_TIM_PWM_MspInit
                0x000000000800299a       0x12 ./Drivers/STM32F1xx_HAL_Driver/Src/stm32f1xx_hal_tim.o
                0x000000000800299a                HAL_TIM_PWM_MspInit
 .text.HAL_TIM_PWM_Start
                0x00000000080029ac      0x144 ./Drivers/STM32F1xx_HAL_Driver/Src/stm32f1xx_hal_tim.o
                0x00000000080029ac                HAL_TIM_PWM_Start
 .text.HAL_TIM_IRQHandler
                0x0000000008002af0      0x210 ./Drivers/STM32F1xx_HAL_Driver/Src/stm32f1xx_hal_tim.o
                0x0000000008002af0                HAL_TIM_IRQHandler
 .text.HAL_TIM_PWM_ConfigChannel
                0x0000000008002d00      0x17c ./Drivers/STM32F1xx_HAL_Driver/Src/stm32f1xx_hal_tim.o
                0x0000000008002d00                HAL_TIM_PWM_ConfigChannel
 .text.HAL_TIM_ConfigClockSource
                0x0000000008002e7c      0x188 ./Drivers/STM32F1xx_HAL_Driver/Src/stm32f1xx_hal_tim.o
                0x0000000008002e7c                HAL_TIM_ConfigClockSource
 .text.HAL_TIM_OC_DelayElapsedCallback
                0x0000000008003004       0x12 ./Drivers/STM32F1xx_HAL_Driver/Src/stm32f1xx_hal_tim.o
                0x0000000008003004                HAL_TIM_OC_DelayElapsedCallback
 .text.HAL_TIM_IC_CaptureCallback
                0x0000000008003016       0x12 ./Drivers/STM32F1xx_HAL_Driver/Src/stm32f1xx_hal_tim.o
                0x0000000008003016                HAL_TIM_IC_CaptureCallback
 .text.HAL_TIM_PWM_PulseFinishedCallback
                0x0000000008003028       0x12 ./Drivers/STM32F1xx_HAL_Driver/Src/stm32f1xx_hal_tim.o
                0x0000000008003028                HAL_TIM_PWM_PulseFinishedCallback
 .text.HAL_TIM_TriggerCallback
                0x000000000800303a       0x12 ./Drivers/STM32F1xx_HAL_Driver/Src/stm32f1xx_hal_tim.o
                0x000000000800303a                HAL_TIM_TriggerCallback
 .text.TIM_Base_SetConfig
                0x000000000800304c       0xc4 ./Drivers/STM32F1xx_HAL_Driver/Src/stm32f1xx_hal_tim.o
                0x000000000800304c                TIM_Base_SetConfig
 .text.TIM_OC1_SetConfig
                0x0000000008003110       0xcc ./Drivers/STM32F1xx_HAL_Driver/Src/stm32f1xx_hal_tim.o
 .text.TIM_OC2_SetConfig
                0x00000000080031dc       0xd4 ./Drivers/STM32F1xx_HAL_Driver/Src/stm32f1xx_hal_tim.o
                0x00000000080031dc                TIM_OC2_SetConfig
 .text.TIM_OC3_SetConfig
                0x00000000080032b0       0xd4 ./Drivers/STM32F1xx_HAL_Driver/Src/stm32f1xx_hal_tim.o
 .text.TIM_OC4_SetConfig
                0x0000000008003384       0x9c ./Drivers/STM32F1xx_HAL_Driver/Src/stm32f1xx_hal_tim.o
 .text.TIM_TI1_ConfigInputStage
                0x0000000008003420       0x5c ./Drivers/STM32F1xx_HAL_Driver/Src/stm32f1xx_hal_tim.o
 .text.TIM_TI2_ConfigInputStage
                0x000000000800347c       0x5e ./Drivers/STM32F1xx_HAL_Driver/Src/stm32f1xx_hal_tim.o
 .text.TIM_ITRx_SetConfig
                0x00000000080034da       0x34 ./Drivers/STM32F1xx_HAL_Driver/Src/stm32f1xx_hal_tim.o
 .text.TIM_ETR_SetConfig
                0x000000000800350e       0x3e ./Drivers/STM32F1xx_HAL_Driver/Src/stm32f1xx_hal_tim.o
                0x000000000800350e                TIM_ETR_SetConfig
 .text.TIM_CCxChannelCmd
                0x000000000800354c       0x48 ./Drivers/STM32F1xx_HAL_Driver/Src/stm32f1xx_hal_tim.o
                0x000000000800354c                TIM_CCxChannelCmd
 .text.HAL_TIMEx_MasterConfigSynchronization
                0x0000000008003594       0xbc ./Drivers/STM32F1xx_HAL_Driver/Src/stm32f1xx_hal_tim_ex.o
                0x0000000008003594                HAL_TIMEx_MasterConfigSynchronization
 .text.HAL_TIMEx_CommutCallback
                0x0000000008003650       0x12 ./Drivers/STM32F1xx_HAL_Driver/Src/stm32f1xx_hal_tim_ex.o
                0x0000000008003650                HAL_TIMEx_CommutCallback
 .text.HAL_TIMEx_BreakCallback
                0x0000000008003662       0x12 ./Drivers/STM32F1xx_HAL_Driver/Src/stm32f1xx_hal_tim_ex.o
                0x0000000008003662                HAL_TIMEx_BreakCallback
 .text.HAL_UART_Init
                0x0000000008003674       0x9a ./Drivers/STM32F1xx_HAL_Driver/Src/stm32f1xx_hal_uart.o
                0x0000000008003674                HAL_UART_Init
 .text.HAL_UART_Transmit
                0x000000000800370e      0x124 ./Drivers/STM32F1xx_HAL_Driver/Src/stm32f1xx_hal_uart.o
                0x000000000800370e                HAL_UART_Transmit
 *fill*         0x0000000008003832        0x2 
 .text.HAL_UART_IRQHandler
                0x0000000008003834      0x354 ./Drivers/STM32F1xx_HAL_Driver/Src/stm32f1xx_hal_uart.o
                0x0000000008003834                HAL_UART_IRQHandler
 .text.HAL_UART_TxCpltCallback
                0x0000000008003b88       0x12 ./Drivers/STM32F1xx_HAL_Driver/Src/stm32f1xx_hal_uart.o
                0x0000000008003b88                HAL_UART_TxCpltCallback
 .text.HAL_UART_RxCpltCallback
                0x0000000008003b9a       0x12 ./Drivers/STM32F1xx_HAL_Driver/Src/stm32f1xx_hal_uart.o
                0x0000000008003b9a                HAL_UART_RxCpltCallback
 .text.HAL_UART_ErrorCallback
                0x0000000008003bac       0x12 ./Drivers/STM32F1xx_HAL_Driver/Src/stm32f1xx_hal_uart.o
                0x0000000008003bac                HAL_UART_ErrorCallback
 .text.HAL_UARTEx_RxEventCallback
                0x0000000008003bbe       0x16 ./Drivers/STM32F1xx_HAL_Driver/Src/stm32f1xx_hal_uart.o
                0x0000000008003bbe                HAL_UARTEx_RxEventCallback
 .text.UART_WaitOnFlagUntilTimeout
                0x0000000008003bd4       0x94 ./Drivers/STM32F1xx_HAL_Driver/Src/stm32f1xx_hal_uart.o
 .text.UART_EndRxTransfer
                0x0000000008003c68       0x58 ./Drivers/STM32F1xx_HAL_Driver/Src/stm32f1xx_hal_uart.o
 .text.UART_DMAAbortOnError
                0x0000000008003cc0       0x28 ./Drivers/STM32F1xx_HAL_Driver/Src/stm32f1xx_hal_uart.o
 .text.UART_Transmit_IT
                0x0000000008003ce8       0x9e ./Drivers/STM32F1xx_HAL_Driver/Src/stm32f1xx_hal_uart.o
 .text.UART_EndTransmit_IT
                0x0000000008003d86       0x30 ./Drivers/STM32F1xx_HAL_Driver/Src/stm32f1xx_hal_uart.o
 .text.UART_Receive_IT
                0x0000000008003db6      0x152 ./Drivers/STM32F1xx_HAL_Driver/Src/stm32f1xx_hal_uart.o
 .text.UART_SetConfig
                0x0000000008003f08      0x11c ./Drivers/STM32F1xx_HAL_Driver/Src/stm32f1xx_hal_uart.o
 .text.__errno  0x0000000008004024        0xc c:/st/stm32cubeide_1.7.0/stm32cubeide/plugins/com.st.stm32cube.ide.mcu.externaltools.gnu-tools-for-stm32.9-2020-q2-update.win32_2.0.0.202105311346/tools/bin/../lib/gcc/arm-none-eabi/9.3.1/../../../../arm-none-eabi/lib/thumb/v7-m/nofp\libc_nano.a(lib_a-errno.o)
                0x0000000008004024                __errno
 .text.__libc_init_array
                0x0000000008004030       0x48 c:/st/stm32cubeide_1.7.0/stm32cubeide/plugins/com.st.stm32cube.ide.mcu.externaltools.gnu-tools-for-stm32.9-2020-q2-update.win32_2.0.0.202105311346/tools/bin/../lib/gcc/arm-none-eabi/9.3.1/../../../../arm-none-eabi/lib/thumb/v7-m/nofp\libc_nano.a(lib_a-init.o)
                0x0000000008004030                __libc_init_array
 .text.memset   0x0000000008004078       0x10 c:/st/stm32cubeide_1.7.0/stm32cubeide/plugins/com.st.stm32cube.ide.mcu.externaltools.gnu-tools-for-stm32.9-2020-q2-update.win32_2.0.0.202105311346/tools/bin/../lib/gcc/arm-none-eabi/9.3.1/../../../../arm-none-eabi/lib/thumb/v7-m/nofp\libc_nano.a(lib_a-memset.o)
                0x0000000008004078                memset
 .text.sprintf  0x0000000008004088       0x40 c:/st/stm32cubeide_1.7.0/stm32cubeide/plugins/com.st.stm32cube.ide.mcu.externaltools.gnu-tools-for-stm32.9-2020-q2-update.win32_2.0.0.202105311346/tools/bin/../lib/gcc/arm-none-eabi/9.3.1/../../../../arm-none-eabi/lib/thumb/v7-m/nofp\libc_nano.a(lib_a-sprintf.o)
                0x0000000008004088                siprintf
                0x0000000008004088                sprintf
 .text.__ssputs_r
                0x00000000080040c8       0xb6 c:/st/stm32cubeide_1.7.0/stm32cubeide/plugins/com.st.stm32cube.ide.mcu.externaltools.gnu-tools-for-stm32.9-2020-q2-update.win32_2.0.0.202105311346/tools/bin/../lib/gcc/arm-none-eabi/9.3.1/../../../../arm-none-eabi/lib/thumb/v7-m/nofp\libc_nano.a(lib_a-nano-svfprintf.o)
                0x00000000080040c8                __ssputs_r
 *fill*         0x000000000800417e        0x2 
 .text._svfprintf_r
                0x0000000008004180      0x200 c:/st/stm32cubeide_1.7.0/stm32cubeide/plugins/com.st.stm32cube.ide.mcu.externaltools.gnu-tools-for-stm32.9-2020-q2-update.win32_2.0.0.202105311346/tools/bin/../lib/gcc/arm-none-eabi/9.3.1/../../../../arm-none-eabi/lib/thumb/v7-m/nofp\libc_nano.a(lib_a-nano-svfprintf.o)
                0x0000000008004180                _svfiprintf_r
                0x0000000008004180                _svfprintf_r
 .text._printf_common
                0x0000000008004380       0xde c:/st/stm32cubeide_1.7.0/stm32cubeide/plugins/com.st.stm32cube.ide.mcu.externaltools.gnu-tools-for-stm32.9-2020-q2-update.win32_2.0.0.202105311346/tools/bin/../lib/gcc/arm-none-eabi/9.3.1/../../../../arm-none-eabi/lib/thumb/v7-m/nofp\libc_nano.a(lib_a-nano-vfprintf_i.o)
                0x0000000008004380                _printf_common
 *fill*         0x000000000800445e        0x2 
 .text._printf_i
                0x0000000008004460      0x24c c:/st/stm32cubeide_1.7.0/stm32cubeide/plugins/com.st.stm32cube.ide.mcu.externaltools.gnu-tools-for-stm32.9-2020-q2-update.win32_2.0.0.202105311346/tools/bin/../lib/gcc/arm-none-eabi/9.3.1/../../../../arm-none-eabi/lib/thumb/v7-m/nofp\libc_nano.a(lib_a-nano-vfprintf_i.o)
                0x0000000008004460                _printf_i
 .text.memchr   0x00000000080046ac       0x1c c:/st/stm32cubeide_1.7.0/stm32cubeide/plugins/com.st.stm32cube.ide.mcu.externaltools.gnu-tools-for-stm32.9-2020-q2-update.win32_2.0.0.202105311346/tools/bin/../lib/gcc/arm-none-eabi/9.3.1/../../../../arm-none-eabi/lib/thumb/v7-m/nofp\libc_nano.a(lib_a-memchr-stub.o)
                0x00000000080046ac                memchr
 .text.memcpy   0x00000000080046c8       0x1c c:/st/stm32cubeide_1.7.0/stm32cubeide/plugins/com.st.stm32cube.ide.mcu.externaltools.gnu-tools-for-stm32.9-2020-q2-update.win32_2.0.0.202105311346/tools/bin/../lib/gcc/arm-none-eabi/9.3.1/../../../../arm-none-eabi/lib/thumb/v7-m/nofp\libc_nano.a(lib_a-memcpy-stub.o)
                0x00000000080046c8                memcpy
 .text.memmove  0x00000000080046e4       0x34 c:/st/stm32cubeide_1.7.0/stm32cubeide/plugins/com.st.stm32cube.ide.mcu.externaltools.gnu-tools-for-stm32.9-2020-q2-update.win32_2.0.0.202105311346/tools/bin/../lib/gcc/arm-none-eabi/9.3.1/../../../../arm-none-eabi/lib/thumb/v7-m/nofp\libc_nano.a(lib_a-memmove.o)
                0x00000000080046e4                memmove
 .text._free_r  0x0000000008004718       0x98 c:/st/stm32cubeide_1.7.0/stm32cubeide/plugins/com.st.stm32cube.ide.mcu.externaltools.gnu-tools-for-stm32.9-2020-q2-update.win32_2.0.0.202105311346/tools/bin/../lib/gcc/arm-none-eabi/9.3.1/../../../../arm-none-eabi/lib/thumb/v7-m/nofp\libc_nano.a(lib_a-nano-freer.o)
                0x0000000008004718                _free_r
 .text._malloc_r
                0x00000000080047b0       0xb4 c:/st/stm32cubeide_1.7.0/stm32cubeide/plugins/com.st.stm32cube.ide.mcu.externaltools.gnu-tools-for-stm32.9-2020-q2-update.win32_2.0.0.202105311346/tools/bin/../lib/gcc/arm-none-eabi/9.3.1/../../../../arm-none-eabi/lib/thumb/v7-m/nofp\libc_nano.a(lib_a-nano-mallocr.o)
                0x00000000080047b0                _malloc_r
 .text._realloc_r
                0x0000000008004864       0x4c c:/st/stm32cubeide_1.7.0/stm32cubeide/plugins/com.st.stm32cube.ide.mcu.externaltools.gnu-tools-for-stm32.9-2020-q2-update.win32_2.0.0.202105311346/tools/bin/../lib/gcc/arm-none-eabi/9.3.1/../../../../arm-none-eabi/lib/thumb/v7-m/nofp\libc_nano.a(lib_a-nano-reallocr.o)
                0x0000000008004864                _realloc_r
 .text._sbrk_r  0x00000000080048b0       0x20 c:/st/stm32cubeide_1.7.0/stm32cubeide/plugins/com.st.stm32cube.ide.mcu.externaltools.gnu-tools-for-stm32.9-2020-q2-update.win32_2.0.0.202105311346/tools/bin/../lib/gcc/arm-none-eabi/9.3.1/../../../../arm-none-eabi/lib/thumb/v7-m/nofp\libc_nano.a(lib_a-sbrkr.o)
                0x00000000080048b0                _sbrk_r
 .text.__malloc_lock
                0x00000000080048d0        0xc c:/st/stm32cubeide_1.7.0/stm32cubeide/plugins/com.st.stm32cube.ide.mcu.externaltools.gnu-tools-for-stm32.9-2020-q2-update.win32_2.0.0.202105311346/tools/bin/../lib/gcc/arm-none-eabi/9.3.1/../../../../arm-none-eabi/lib/thumb/v7-m/nofp\libc_nano.a(lib_a-mlock.o)
                0x00000000080048d0                __malloc_lock
 .text.__malloc_unlock
                0x00000000080048dc        0xc c:/st/stm32cubeide_1.7.0/stm32cubeide/plugins/com.st.stm32cube.ide.mcu.externaltools.gnu-tools-for-stm32.9-2020-q2-update.win32_2.0.0.202105311346/tools/bin/../lib/gcc/arm-none-eabi/9.3.1/../../../../arm-none-eabi/lib/thumb/v7-m/nofp\libc_nano.a(lib_a-mlock.o)
                0x00000000080048dc                __malloc_unlock
 .text._malloc_usable_size_r
                0x00000000080048e8       0x10 c:/st/stm32cubeide_1.7.0/stm32cubeide/plugins/com.st.stm32cube.ide.mcu.externaltools.gnu-tools-for-stm32.9-2020-q2-update.win32_2.0.0.202105311346/tools/bin/../lib/gcc/arm-none-eabi/9.3.1/../../../../arm-none-eabi/lib/thumb/v7-m/nofp\libc_nano.a(lib_a-nano-msizer.o)
                0x00000000080048e8                _malloc_usable_size_r
 .text.__retarget_lock_acquire_recursive
                0x00000000080048f8        0x2 c:/st/stm32cubeide_1.7.0/stm32cubeide/plugins/com.st.stm32cube.ide.mcu.externaltools.gnu-tools-for-stm32.9-2020-q2-update.win32_2.0.0.202105311346/tools/bin/../lib/gcc/arm-none-eabi/9.3.1/../../../../arm-none-eabi/lib/thumb/v7-m/nofp\libc_nano.a(lib_a-lock.o)
                0x00000000080048f8                __retarget_lock_acquire_recursive
 .text.__retarget_lock_release_recursive
                0x00000000080048fa        0x2 c:/st/stm32cubeide_1.7.0/stm32cubeide/plugins/com.st.stm32cube.ide.mcu.externaltools.gnu-tools-for-stm32.9-2020-q2-update.win32_2.0.0.202105311346/tools/bin/../lib/gcc/arm-none-eabi/9.3.1/../../../../arm-none-eabi/lib/thumb/v7-m/nofp\libc_nano.a(lib_a-lock.o)
                0x00000000080048fa                __retarget_lock_release_recursive
 *(.glue_7)
 .glue_7        0x00000000080048fc        0x0 linker stubs
 *(.glue_7t)
 .glue_7t       0x00000000080048fc        0x0 linker stubs
 *(.eh_frame)
 .eh_frame      0x00000000080048fc        0x0 c:/st/stm32cubeide_1.7.0/stm32cubeide/plugins/com.st.stm32cube.ide.mcu.externaltools.gnu-tools-for-stm32.9-2020-q2-update.win32_2.0.0.202105311346/tools/bin/../lib/gcc/arm-none-eabi/9.3.1/thumb/v7-m/nofp/crtbegin.o
 *(.init)
 .init          0x00000000080048fc        0x4 c:/st/stm32cubeide_1.7.0/stm32cubeide/plugins/com.st.stm32cube.ide.mcu.externaltools.gnu-tools-for-stm32.9-2020-q2-update.win32_2.0.0.202105311346/tools/bin/../lib/gcc/arm-none-eabi/9.3.1/thumb/v7-m/nofp/crti.o
                0x00000000080048fc                _init
 .init          0x0000000008004900        0x8 c:/st/stm32cubeide_1.7.0/stm32cubeide/plugins/com.st.stm32cube.ide.mcu.externaltools.gnu-tools-for-stm32.9-2020-q2-update.win32_2.0.0.202105311346/tools/bin/../lib/gcc/arm-none-eabi/9.3.1/thumb/v7-m/nofp/crtn.o
 *(.fini)
 .fini          0x0000000008004908        0x4 c:/st/stm32cubeide_1.7.0/stm32cubeide/plugins/com.st.stm32cube.ide.mcu.externaltools.gnu-tools-for-stm32.9-2020-q2-update.win32_2.0.0.202105311346/tools/bin/../lib/gcc/arm-none-eabi/9.3.1/thumb/v7-m/nofp/crti.o
                0x0000000008004908                _fini
 .fini          0x000000000800490c        0x8 c:/st/stm32cubeide_1.7.0/stm32cubeide/plugins/com.st.stm32cube.ide.mcu.externaltools.gnu-tools-for-stm32.9-2020-q2-update.win32_2.0.0.202105311346/tools/bin/../lib/gcc/arm-none-eabi/9.3.1/thumb/v7-m/nofp/crtn.o
                0x0000000008004914                . = ALIGN (0x4)
                0x0000000008004914                _etext = .

.vfp11_veneer   0x0000000008004914        0x0
 .vfp11_veneer  0x0000000008004914        0x0 linker stubs

.v4_bx          0x0000000008004914        0x0
 .v4_bx         0x0000000008004914        0x0 linker stubs

.iplt           0x0000000008004914        0x0
 .iplt          0x0000000008004914        0x0 c:/st/stm32cubeide_1.7.0/stm32cubeide/plugins/com.st.stm32cube.ide.mcu.externaltools.gnu-tools-for-stm32.9-2020-q2-update.win32_2.0.0.202105311346/tools/bin/../lib/gcc/arm-none-eabi/9.3.1/thumb/v7-m/nofp/crtbegin.o

.rodata         0x0000000008004914      0x168
                0x0000000008004914                . = ALIGN (0x4)
 *(.rodata)
 .rodata        0x0000000008004914      0x10b ./Core/Src/UART.o
 *fill*         0x0000000008004a1f        0x1 
 .rodata        0x0000000008004a20       0x10 ./Drivers/STM32F1xx_HAL_Driver/Src/stm32f1xx_hal_rcc.o
 *(.rodata*)
 .rodata.AHBPrescTable
                0x0000000008004a30       0x10 ./Core/Src/system_stm32f1xx.o
                0x0000000008004a30                AHBPrescTable
 .rodata.APBPrescTable
                0x0000000008004a40        0x8 ./Core/Src/system_stm32f1xx.o
                0x0000000008004a40                APBPrescTable
 .rodata._svfprintf_r.str1.1
                0x0000000008004a48       0x11 c:/st/stm32cubeide_1.7.0/stm32cubeide/plugins/com.st.stm32cube.ide.mcu.externaltools.gnu-tools-for-stm32.9-2020-q2-update.win32_2.0.0.202105311346/tools/bin/../lib/gcc/arm-none-eabi/9.3.1/../../../../arm-none-eabi/lib/thumb/v7-m/nofp\libc_nano.a(lib_a-nano-svfprintf.o)
 .rodata._printf_i.str1.1
                0x0000000008004a59       0x22 c:/st/stm32cubeide_1.7.0/stm32cubeide/plugins/com.st.stm32cube.ide.mcu.externaltools.gnu-tools-for-stm32.9-2020-q2-update.win32_2.0.0.202105311346/tools/bin/../lib/gcc/arm-none-eabi/9.3.1/../../../../arm-none-eabi/lib/thumb/v7-m/nofp\libc_nano.a(lib_a-nano-vfprintf_i.o)
                0x0000000008004a7c                . = ALIGN (0x4)
 *fill*         0x0000000008004a7b        0x1 

.rel.dyn        0x0000000008004a7c        0x0
 .rel.iplt      0x0000000008004a7c        0x0 c:/st/stm32cubeide_1.7.0/stm32cubeide/plugins/com.st.stm32cube.ide.mcu.externaltools.gnu-tools-for-stm32.9-2020-q2-update.win32_2.0.0.202105311346/tools/bin/../lib/gcc/arm-none-eabi/9.3.1/thumb/v7-m/nofp/crtbegin.o

.ARM.extab      0x0000000008004a7c        0x0
                0x0000000008004a7c                . = ALIGN (0x4)
 *(.ARM.extab* .gnu.linkonce.armextab.*)
                0x0000000008004a7c                . = ALIGN (0x4)

.ARM            0x0000000008004a7c        0x0
                0x0000000008004a7c                . = ALIGN (0x4)
                0x0000000008004a7c                __exidx_start = .
 *(.ARM.exidx*)
                0x0000000008004a7c                __exidx_end = .
                0x0000000008004a7c                . = ALIGN (0x4)

.preinit_array  0x0000000008004a7c        0x0
                0x0000000008004a7c                . = ALIGN (0x4)
                0x0000000008004a7c                PROVIDE (__preinit_array_start = .)
 *(.preinit_array*)
                0x0000000008004a7c                PROVIDE (__preinit_array_end = .)
                0x0000000008004a7c                . = ALIGN (0x4)

.init_array     0x0000000008004a7c        0x4
                0x0000000008004a7c                . = ALIGN (0x4)
                0x0000000008004a7c                PROVIDE (__init_array_start = .)
 *(SORT_BY_NAME(.init_array.*))
 *(.init_array*)
 .init_array    0x0000000008004a7c        0x4 c:/st/stm32cubeide_1.7.0/stm32cubeide/plugins/com.st.stm32cube.ide.mcu.externaltools.gnu-tools-for-stm32.9-2020-q2-update.win32_2.0.0.202105311346/tools/bin/../lib/gcc/arm-none-eabi/9.3.1/thumb/v7-m/nofp/crtbegin.o
                0x0000000008004a80                PROVIDE (__init_array_end = .)
                0x0000000008004a80                . = ALIGN (0x4)

.fini_array     0x0000000008004a80        0x4
                0x0000000008004a80                . = ALIGN (0x4)
                [!provide]                        PROVIDE (__fini_array_start = .)
 *(SORT_BY_NAME(.fini_array.*))
 *(.fini_array*)
 .fini_array    0x0000000008004a80        0x4 c:/st/stm32cubeide_1.7.0/stm32cubeide/plugins/com.st.stm32cube.ide.mcu.externaltools.gnu-tools-for-stm32.9-2020-q2-update.win32_2.0.0.202105311346/tools/bin/../lib/gcc/arm-none-eabi/9.3.1/thumb/v7-m/nofp/crtbegin.o
                [!provide]                        PROVIDE (__fini_array_end = .)
                0x0000000008004a84                . = ALIGN (0x4)
                0x0000000008004a84                _sidata = LOADADDR (.data)

.data           0x0000000020000000       0xc4 load address 0x0000000008004a84
                0x0000000020000000                . = ALIGN (0x4)
                0x0000000020000000                _sdata = .
 *(.data)
 *(.data*)
 .data.status   0x0000000020000000        0x4 ./Core/Src/global.o
                0x0000000020000000                status
 .data.buttonBuffer
                0x0000000020000004       0x10 ./Core/Src/reading_button.o
                0x0000000020000004                buttonBuffer
 .data.KeyReg0  0x0000000020000014       0x10 ./Core/Src/reading_button.o
                0x0000000020000014                KeyReg0
 .data.KeyReg1  0x0000000020000024       0x10 ./Core/Src/reading_button.o
                0x0000000020000024                KeyReg1
 .data.KeyReg2  0x0000000020000034       0x10 ./Core/Src/reading_button.o
                0x0000000020000034                KeyReg2
 .data.TIME_CYCLE
                0x0000000020000044        0x4 ./Core/Src/software_timer.o
                0x0000000020000044                TIME_CYCLE
 .data.SystemCoreClock
                0x0000000020000048        0x4 ./Core/Src/system_stm32f1xx.o
                0x0000000020000048                SystemCoreClock
 .data.time_red
                0x000000002000004c        0x4 ./Core/Src/traffic.o
                0x000000002000004c                time_red
 .data.time_yellow
                0x0000000020000050        0x4 ./Core/Src/traffic.o
                0x0000000020000050                time_yellow
 .data.time_green
                0x0000000020000054        0x4 ./Core/Src/traffic.o
                0x0000000020000054                time_green
 .data.uwTickPrio
                0x0000000020000058        0x4 ./Drivers/STM32F1xx_HAL_Driver/Src/stm32f1xx_hal.o
                0x0000000020000058                uwTickPrio
 .data.uwTickFreq
                0x000000002000005c        0x1 ./Drivers/STM32F1xx_HAL_Driver/Src/stm32f1xx_hal.o
                0x000000002000005c                uwTickFreq
 *fill*         0x000000002000005d        0x3 
 .data._impure_ptr
                0x0000000020000060        0x4 c:/st/stm32cubeide_1.7.0/stm32cubeide/plugins/com.st.stm32cube.ide.mcu.externaltools.gnu-tools-for-stm32.9-2020-q2-update.win32_2.0.0.202105311346/tools/bin/../lib/gcc/arm-none-eabi/9.3.1/../../../../arm-none-eabi/lib/thumb/v7-m/nofp\libc_nano.a(lib_a-impure.o)
                0x0000000020000060                _impure_ptr
 .data.impure_data
                0x0000000020000064       0x60 c:/st/stm32cubeide_1.7.0/stm32cubeide/plugins/com.st.stm32cube.ide.mcu.externaltools.gnu-tools-for-stm32.9-2020-q2-update.win32_2.0.0.202105311346/tools/bin/../lib/gcc/arm-none-eabi/9.3.1/../../../../arm-none-eabi/lib/thumb/v7-m/nofp\libc_nano.a(lib_a-impure.o)
 *(.RamFunc)
 *(.RamFunc*)
                0x00000000200000c4                . = ALIGN (0x4)
                0x00000000200000c4                _edata = .

.igot.plt       0x00000000200000c4        0x0 load address 0x0000000008004b48
 .igot.plt      0x00000000200000c4        0x0 c:/st/stm32cubeide_1.7.0/stm32cubeide/plugins/com.st.stm32cube.ide.mcu.externaltools.gnu-tools-for-stm32.9-2020-q2-update.win32_2.0.0.202105311346/tools/bin/../lib/gcc/arm-none-eabi/9.3.1/thumb/v7-m/nofp/crtbegin.o
                0x00000000200000c4                . = ALIGN (0x4)

.bss            0x00000000200000c4      0x1c0 load address 0x0000000008004b48
                0x00000000200000c4                _sbss = .
                0x00000000200000c4                __bss_start__ = _sbss
 *(.bss)
 .bss           0x00000000200000c4       0x1c c:/st/stm32cubeide_1.7.0/stm32cubeide/plugins/com.st.stm32cube.ide.mcu.externaltools.gnu-tools-for-stm32.9-2020-q2-update.win32_2.0.0.202105311346/tools/bin/../lib/gcc/arm-none-eabi/9.3.1/thumb/v7-m/nofp/crtbegin.o
 *(.bss*)
 .bss.button_flag
                0x00000000200000e0       0x10 ./Core/Src/reading_button.o
                0x00000000200000e0                button_flag
 .bss.timer1_flag
                0x00000000200000f0        0x4 ./Core/Src/software_timer.o
                0x00000000200000f0                timer1_flag
 .bss.timer1_counter
                0x00000000200000f4        0x4 ./Core/Src/software_timer.o
                0x00000000200000f4                timer1_counter
 .bss.timer2_flag
                0x00000000200000f8        0x4 ./Core/Src/software_timer.o
                0x00000000200000f8                timer2_flag
 .bss.timer2_counter
                0x00000000200000fc        0x4 ./Core/Src/software_timer.o
                0x00000000200000fc                timer2_counter
 .bss.timer3_flag
                0x0000000020000100        0x4 ./Core/Src/software_timer.o
                0x0000000020000100                timer3_flag
 .bss.timer3_counter
                0x0000000020000104        0x4 ./Core/Src/software_timer.o
                0x0000000020000104                timer3_counter
 .bss.timer4_flag
                0x0000000020000108        0x4 ./Core/Src/software_timer.o
                0x0000000020000108                timer4_flag
 .bss.timer4_counter
                0x000000002000010c        0x4 ./Core/Src/software_timer.o
                0x000000002000010c                timer4_counter
 .bss.__sbrk_heap_end
                0x0000000020000110        0x4 ./Core/Src/sysmem.o
 .bss.count1    0x0000000020000114        0x4 ./Core/Src/traffic.o
                0x0000000020000114                count1
 .bss.count2    0x0000000020000118        0x4 ./Core/Src/traffic.o
                0x0000000020000118                count2
 .bss.count_ped_buzzer
                0x000000002000011c        0x4 ./Core/Src/traffic.o
                0x000000002000011c                count_ped_buzzer
 .bss.__malloc_free_list
                0x0000000020000120        0x4 c:/st/stm32cubeide_1.7.0/stm32cubeide/plugins/com.st.stm32cube.ide.mcu.externaltools.gnu-tools-for-stm32.9-2020-q2-update.win32_2.0.0.202105311346/tools/bin/../lib/gcc/arm-none-eabi/9.3.1/../../../../arm-none-eabi/lib/thumb/v7-m/nofp\libc_nano.a(lib_a-nano-mallocr.o)
                0x0000000020000120                __malloc_free_list
 .bss.__malloc_sbrk_start
                0x0000000020000124        0x4 c:/st/stm32cubeide_1.7.0/stm32cubeide/plugins/com.st.stm32cube.ide.mcu.externaltools.gnu-tools-for-stm32.9-2020-q2-update.win32_2.0.0.202105311346/tools/bin/../lib/gcc/arm-none-eabi/9.3.1/../../../../arm-none-eabi/lib/thumb/v7-m/nofp\libc_nano.a(lib_a-nano-mallocr.o)
                0x0000000020000124                __malloc_sbrk_start
 *(COMMON)
 COMMON         0x0000000020000128       0x74 ./Core/Src/UART.o
                0x0000000020000128                flagForButtonPress3s
                0x0000000020000138                preStatus
                0x000000002000013c                status2
                0x0000000020000140                buffer_TX
                0x0000000020000174                time_ped
                0x0000000020000178                status1
                0x000000002000017c                counter
                0x0000000020000180                count
                0x0000000020000184                status_tuning
                0x0000000020000188                status_manual
                0x000000002000018c                counterForButtonPress3s
 COMMON         0x000000002000019c       0xd4 ./Core/Src/main.o
                0x000000002000019c                htim3
                0x00000000200001e4                htim2
                0x000000002000022c                huart2
 COMMON         0x0000000020000270        0x4 ./Drivers/STM32F1xx_HAL_Driver/Src/stm32f1xx_hal.o
                0x0000000020000270                uwTick
 COMMON         0x0000000020000274        0x4 c:/st/stm32cubeide_1.7.0/stm32cubeide/plugins/com.st.stm32cube.ide.mcu.externaltools.gnu-tools-for-stm32.9-2020-q2-update.win32_2.0.0.202105311346/tools/bin/../lib/gcc/arm-none-eabi/9.3.1/../../../../arm-none-eabi/lib/thumb/v7-m/nofp\libc_nano.a(lib_a-reent.o)
                0x0000000020000274                errno
 COMMON         0x0000000020000278        0x9 c:/st/stm32cubeide_1.7.0/stm32cubeide/plugins/com.st.stm32cube.ide.mcu.externaltools.gnu-tools-for-stm32.9-2020-q2-update.win32_2.0.0.202105311346/tools/bin/../lib/gcc/arm-none-eabi/9.3.1/../../../../arm-none-eabi/lib/thumb/v7-m/nofp\libc_nano.a(lib_a-lock.o)
                0x0000000020000278                __lock___atexit_recursive_mutex
                0x0000000020000279                __lock___arc4random_mutex
                0x000000002000027a                __lock___env_recursive_mutex
                0x000000002000027b                __lock___sinit_recursive_mutex
                0x000000002000027c                __lock___malloc_recursive_mutex
                0x000000002000027d                __lock___at_quick_exit_mutex
                0x000000002000027e                __lock___dd_hash_mutex
                0x000000002000027f                __lock___tz_mutex
                0x0000000020000280                __lock___sfp_recursive_mutex
                0x0000000020000284                . = ALIGN (0x4)
 *fill*         0x0000000020000281        0x3 
                0x0000000020000284                _ebss = .
                0x0000000020000284                __bss_end__ = _ebss

._user_heap_stack
                0x0000000020000284      0x604 load address 0x0000000008004b48
                0x0000000020000288                . = ALIGN (0x8)
 *fill*         0x0000000020000284        0x4 
                [!provide]                        PROVIDE (end = .)
                0x0000000020000288                PROVIDE (_end = .)
                0x0000000020000488                . = (. + _Min_Heap_Size)
 *fill*         0x0000000020000288      0x200 
                0x0000000020000888                . = (. + _Min_Stack_Size)
 *fill*         0x0000000020000488      0x400 
                0x0000000020000888                . = ALIGN (0x8)

/DISCARD/
 libc.a(*)
 libm.a(*)
 libgcc.a(*)

.ARM.attributes
                0x0000000000000000       0x29
 *(.ARM.attributes)
 .ARM.attributes
                0x0000000000000000       0x1d c:/st/stm32cubeide_1.7.0/stm32cubeide/plugins/com.st.stm32cube.ide.mcu.externaltools.gnu-tools-for-stm32.9-2020-q2-update.win32_2.0.0.202105311346/tools/bin/../lib/gcc/arm-none-eabi/9.3.1/thumb/v7-m/nofp/crti.o
 .ARM.attributes
                0x000000000000001d       0x2d c:/st/stm32cubeide_1.7.0/stm32cubeide/plugins/com.st.stm32cube.ide.mcu.externaltools.gnu-tools-for-stm32.9-2020-q2-update.win32_2.0.0.202105311346/tools/bin/../lib/gcc/arm-none-eabi/9.3.1/thumb/v7-m/nofp/crtbegin.o
 .ARM.attributes
                0x000000000000004a       0x2d ./Core/Src/UART.o
 .ARM.attributes
                0x0000000000000077       0x2d ./Core/Src/fsm_automatic.o
 .ARM.attributes
                0x00000000000000a4       0x2d ./Core/Src/fsm_manual.o
 .ARM.attributes
                0x00000000000000d1       0x2d ./Core/Src/fsm_system.o
 .ARM.attributes
                0x00000000000000fe       0x2d ./Core/Src/fsm_tuning.o
 .ARM.attributes
                0x000000000000012b       0x33 ./Core/Src/global.o
 .ARM.attributes
                0x000000000000015e       0x2d ./Core/Src/main.o
 .ARM.attributes
                0x000000000000018b       0x2d ./Core/Src/pedestrian.o
 .ARM.attributes
                0x00000000000001b8       0x2d ./Core/Src/reading_button.o
 .ARM.attributes
                0x00000000000001e5       0x2d ./Core/Src/setting_led.o
 .ARM.attributes
                0x0000000000000212       0x2d ./Core/Src/software_timer.o
 .ARM.attributes
                0x000000000000023f       0x2d ./Core/Src/stm32f1xx_hal_msp.o
 .ARM.attributes
                0x000000000000026c       0x2d ./Core/Src/stm32f1xx_it.o
 .ARM.attributes
                0x0000000000000299       0x2d ./Core/Src/sysmem.o
 .ARM.attributes
                0x00000000000002c6       0x2d ./Core/Src/system_stm32f1xx.o
 .ARM.attributes
                0x00000000000002f3       0x2d ./Core/Src/traffic.o
 .ARM.attributes
                0x0000000000000320       0x21 ./Core/Startup/startup_stm32f103rbtx.o
 .ARM.attributes
                0x0000000000000341       0x2d ./Drivers/STM32F1xx_HAL_Driver/Src/stm32f1xx_hal.o
 .ARM.attributes
                0x000000000000036e       0x2d ./Drivers/STM32F1xx_HAL_Driver/Src/stm32f1xx_hal_cortex.o
 .ARM.attributes
                0x000000000000039b       0x2d ./Drivers/STM32F1xx_HAL_Driver/Src/stm32f1xx_hal_dma.o
 .ARM.attributes
                0x00000000000003c8       0x2d ./Drivers/STM32F1xx_HAL_Driver/Src/stm32f1xx_hal_gpio.o
 .ARM.attributes
                0x00000000000003f5       0x2d ./Drivers/STM32F1xx_HAL_Driver/Src/stm32f1xx_hal_rcc.o
 .ARM.attributes
                0x0000000000000422       0x2d ./Drivers/STM32F1xx_HAL_Driver/Src/stm32f1xx_hal_tim.o
 .ARM.attributes
                0x000000000000044f       0x2d ./Drivers/STM32F1xx_HAL_Driver/Src/stm32f1xx_hal_tim_ex.o
 .ARM.attributes
                0x000000000000047c       0x2d ./Drivers/STM32F1xx_HAL_Driver/Src/stm32f1xx_hal_uart.o
 .ARM.attributes
                0x00000000000004a9       0x2d c:/st/stm32cubeide_1.7.0/stm32cubeide/plugins/com.st.stm32cube.ide.mcu.externaltools.gnu-tools-for-stm32.9-2020-q2-update.win32_2.0.0.202105311346/tools/bin/../lib/gcc/arm-none-eabi/9.3.1/../../../../arm-none-eabi/lib/thumb/v7-m/nofp\libc_nano.a(lib_a-errno.o)
 .ARM.attributes
                0x00000000000004d6       0x2d c:/st/stm32cubeide_1.7.0/stm32cubeide/plugins/com.st.stm32cube.ide.mcu.externaltools.gnu-tools-for-stm32.9-2020-q2-update.win32_2.0.0.202105311346/tools/bin/../lib/gcc/arm-none-eabi/9.3.1/../../../../arm-none-eabi/lib/thumb/v7-m/nofp\libc_nano.a(lib_a-impure.o)
 .ARM.attributes
                0x0000000000000503       0x2d c:/st/stm32cubeide_1.7.0/stm32cubeide/plugins/com.st.stm32cube.ide.mcu.externaltools.gnu-tools-for-stm32.9-2020-q2-update.win32_2.0.0.202105311346/tools/bin/../lib/gcc/arm-none-eabi/9.3.1/../../../../arm-none-eabi/lib/thumb/v7-m/nofp\libc_nano.a(lib_a-init.o)
 .ARM.attributes
                0x0000000000000530       0x2d c:/st/stm32cubeide_1.7.0/stm32cubeide/plugins/com.st.stm32cube.ide.mcu.externaltools.gnu-tools-for-stm32.9-2020-q2-update.win32_2.0.0.202105311346/tools/bin/../lib/gcc/arm-none-eabi/9.3.1/../../../../arm-none-eabi/lib/thumb/v7-m/nofp\libc_nano.a(lib_a-memset.o)
 .ARM.attributes
                0x000000000000055d       0x2d c:/st/stm32cubeide_1.7.0/stm32cubeide/plugins/com.st.stm32cube.ide.mcu.externaltools.gnu-tools-for-stm32.9-2020-q2-update.win32_2.0.0.202105311346/tools/bin/../lib/gcc/arm-none-eabi/9.3.1/../../../../arm-none-eabi/lib/thumb/v7-m/nofp\libc_nano.a(lib_a-sprintf.o)
 .ARM.attributes
                0x000000000000058a       0x2d c:/st/stm32cubeide_1.7.0/stm32cubeide/plugins/com.st.stm32cube.ide.mcu.externaltools.gnu-tools-for-stm32.9-2020-q2-update.win32_2.0.0.202105311346/tools/bin/../lib/gcc/arm-none-eabi/9.3.1/../../../../arm-none-eabi/lib/thumb/v7-m/nofp\libc_nano.a(lib_a-nano-svfprintf.o)
 .ARM.attributes
                0x00000000000005b7       0x2d c:/st/stm32cubeide_1.7.0/stm32cubeide/plugins/com.st.stm32cube.ide.mcu.externaltools.gnu-tools-for-stm32.9-2020-q2-update.win32_2.0.0.202105311346/tools/bin/../lib/gcc/arm-none-eabi/9.3.1/../../../../arm-none-eabi/lib/thumb/v7-m/nofp\libc_nano.a(lib_a-nano-vfprintf_i.o)
 .ARM.attributes
                0x00000000000005e4       0x2d c:/st/stm32cubeide_1.7.0/stm32cubeide/plugins/com.st.stm32cube.ide.mcu.externaltools.gnu-tools-for-stm32.9-2020-q2-update.win32_2.0.0.202105311346/tools/bin/../lib/gcc/arm-none-eabi/9.3.1/../../../../arm-none-eabi/lib/thumb/v7-m/nofp\libc_nano.a(lib_a-memchr-stub.o)
 .ARM.attributes
                0x0000000000000611       0x2d c:/st/stm32cubeide_1.7.0/stm32cubeide/plugins/com.st.stm32cube.ide.mcu.externaltools.gnu-tools-for-stm32.9-2020-q2-update.win32_2.0.0.202105311346/tools/bin/../lib/gcc/arm-none-eabi/9.3.1/../../../../arm-none-eabi/lib/thumb/v7-m/nofp\libc_nano.a(lib_a-memcpy-stub.o)
 .ARM.attributes
                0x000000000000063e       0x2d c:/st/stm32cubeide_1.7.0/stm32cubeide/plugins/com.st.stm32cube.ide.mcu.externaltools.gnu-tools-for-stm32.9-2020-q2-update.win32_2.0.0.202105311346/tools/bin/../lib/gcc/arm-none-eabi/9.3.1/../../../../arm-none-eabi/lib/thumb/v7-m/nofp\libc_nano.a(lib_a-memmove.o)
 .ARM.attributes
                0x000000000000066b       0x2d c:/st/stm32cubeide_1.7.0/stm32cubeide/plugins/com.st.stm32cube.ide.mcu.externaltools.gnu-tools-for-stm32.9-2020-q2-update.win32_2.0.0.202105311346/tools/bin/../lib/gcc/arm-none-eabi/9.3.1/../../../../arm-none-eabi/lib/thumb/v7-m/nofp\libc_nano.a(lib_a-nano-freer.o)
 .ARM.attributes
                0x0000000000000698       0x2d c:/st/stm32cubeide_1.7.0/stm32cubeide/plugins/com.st.stm32cube.ide.mcu.externaltools.gnu-tools-for-stm32.9-2020-q2-update.win32_2.0.0.202105311346/tools/bin/../lib/gcc/arm-none-eabi/9.3.1/../../../../arm-none-eabi/lib/thumb/v7-m/nofp\libc_nano.a(lib_a-nano-mallocr.o)
 .ARM.attributes
                0x00000000000006c5       0x2d c:/st/stm32cubeide_1.7.0/stm32cubeide/plugins/com.st.stm32cube.ide.mcu.externaltools.gnu-tools-for-stm32.9-2020-q2-update.win32_2.0.0.202105311346/tools/bin/../lib/gcc/arm-none-eabi/9.3.1/../../../../arm-none-eabi/lib/thumb/v7-m/nofp\libc_nano.a(lib_a-nano-reallocr.o)
 .ARM.attributes
                0x00000000000006f2       0x2d c:/st/stm32cubeide_1.7.0/stm32cubeide/plugins/com.st.stm32cube.ide.mcu.externaltools.gnu-tools-for-stm32.9-2020-q2-update.win32_2.0.0.202105311346/tools/bin/../lib/gcc/arm-none-eabi/9.3.1/../../../../arm-none-eabi/lib/thumb/v7-m/nofp\libc_nano.a(lib_a-sbrkr.o)
 .ARM.attributes
                0x000000000000071f       0x2d c:/st/stm32cubeide_1.7.0/stm32cubeide/plugins/com.st.stm32cube.ide.mcu.externaltools.gnu-tools-for-stm32.9-2020-q2-update.win32_2.0.0.202105311346/tools/bin/../lib/gcc/arm-none-eabi/9.3.1/../../../../arm-none-eabi/lib/thumb/v7-m/nofp\libc_nano.a(lib_a-mlock.o)
 .ARM.attributes
                0x000000000000074c       0x2d c:/st/stm32cubeide_1.7.0/stm32cubeide/plugins/com.st.stm32cube.ide.mcu.externaltools.gnu-tools-for-stm32.9-2020-q2-update.win32_2.0.0.202105311346/tools/bin/../lib/gcc/arm-none-eabi/9.3.1/../../../../arm-none-eabi/lib/thumb/v7-m/nofp\libc_nano.a(lib_a-nano-msizer.o)
 .ARM.attributes
                0x0000000000000779       0x2d c:/st/stm32cubeide_1.7.0/stm32cubeide/plugins/com.st.stm32cube.ide.mcu.externaltools.gnu-tools-for-stm32.9-2020-q2-update.win32_2.0.0.202105311346/tools/bin/../lib/gcc/arm-none-eabi/9.3.1/../../../../arm-none-eabi/lib/thumb/v7-m/nofp\libc_nano.a(lib_a-reent.o)
 .ARM.attributes
                0x00000000000007a6       0x2d c:/st/stm32cubeide_1.7.0/stm32cubeide/plugins/com.st.stm32cube.ide.mcu.externaltools.gnu-tools-for-stm32.9-2020-q2-update.win32_2.0.0.202105311346/tools/bin/../lib/gcc/arm-none-eabi/9.3.1/../../../../arm-none-eabi/lib/thumb/v7-m/nofp\libc_nano.a(lib_a-lock.o)
 .ARM.attributes
                0x00000000000007d3       0x1d c:/st/stm32cubeide_1.7.0/stm32cubeide/plugins/com.st.stm32cube.ide.mcu.externaltools.gnu-tools-for-stm32.9-2020-q2-update.win32_2.0.0.202105311346/tools/bin/../lib/gcc/arm-none-eabi/9.3.1/thumb/v7-m/nofp/crtn.o
OUTPUT(ASSIGNMENT.elf elf32-littlearm)
LOAD linker stubs
LOAD c:/st/stm32cubeide_1.7.0/stm32cubeide/plugins/com.st.stm32cube.ide.mcu.externaltools.gnu-tools-for-stm32.9-2020-q2-update.win32_2.0.0.202105311346/tools/bin/../lib/gcc/arm-none-eabi/9.3.1/../../../../arm-none-eabi/lib/thumb/v7-m/nofp\libc.a
LOAD c:/st/stm32cubeide_1.7.0/stm32cubeide/plugins/com.st.stm32cube.ide.mcu.externaltools.gnu-tools-for-stm32.9-2020-q2-update.win32_2.0.0.202105311346/tools/bin/../lib/gcc/arm-none-eabi/9.3.1/../../../../arm-none-eabi/lib/thumb/v7-m/nofp\libm.a
LOAD c:/st/stm32cubeide_1.7.0/stm32cubeide/plugins/com.st.stm32cube.ide.mcu.externaltools.gnu-tools-for-stm32.9-2020-q2-update.win32_2.0.0.202105311346/tools/bin/../lib/gcc/arm-none-eabi/9.3.1/thumb/v7-m/nofp\libgcc.a

.debug_info     0x0000000000000000    0x10722
 .debug_info    0x0000000000000000     0x1456 ./Core/Src/UART.o
 .debug_info    0x0000000000001456      0x2a1 ./Core/Src/fsm_automatic.o
 .debug_info    0x00000000000016f7      0x2a1 ./Core/Src/fsm_manual.o
 .debug_info    0x0000000000001998      0xb99 ./Core/Src/fsm_system.o
 .debug_info    0x0000000000002531      0x2a1 ./Core/Src/fsm_tuning.o
 .debug_info    0x00000000000027d2      0x287 ./Core/Src/global.o
 .debug_info    0x0000000000002a59     0x10f1 ./Core/Src/main.o
 .debug_info    0x0000000000003b4a      0x2a1 ./Core/Src/pedestrian.o
 .debug_info    0x0000000000003deb      0xb37 ./Core/Src/reading_button.o
 .debug_info    0x0000000000004922      0xb14 ./Core/Src/setting_led.o
 .debug_info    0x0000000000005436      0x179 ./Core/Src/software_timer.o
 .debug_info    0x00000000000055af      0xe5c ./Core/Src/stm32f1xx_hal_msp.o
 .debug_info    0x000000000000640b      0xa40 ./Core/Src/stm32f1xx_it.o
 .debug_info    0x0000000000006e4b      0xa25 ./Core/Src/sysmem.o
 .debug_info    0x0000000000007870      0x2be ./Core/Src/system_stm32f1xx.o
 .debug_info    0x0000000000007b2e      0xbab ./Core/Src/traffic.o
 .debug_info    0x00000000000086d9       0x22 ./Core/Startup/startup_stm32f103rbtx.o
 .debug_info    0x00000000000086fb      0x76a ./Drivers/STM32F1xx_HAL_Driver/Src/stm32f1xx_hal.o
 .debug_info    0x0000000000008e65      0xbdc ./Drivers/STM32F1xx_HAL_Driver/Src/stm32f1xx_hal_cortex.o
 .debug_info    0x0000000000009a41      0x81e ./Drivers/STM32F1xx_HAL_Driver/Src/stm32f1xx_hal_dma.o
 .debug_info    0x000000000000a25f      0x701 ./Drivers/STM32F1xx_HAL_Driver/Src/stm32f1xx_hal_gpio.o
 .debug_info    0x000000000000a960      0x88e ./Drivers/STM32F1xx_HAL_Driver/Src/stm32f1xx_hal_rcc.o
 .debug_info    0x000000000000b1ee     0x2a45 ./Drivers/STM32F1xx_HAL_Driver/Src/stm32f1xx_hal_tim.o
 .debug_info    0x000000000000dc33     0x14d5 ./Drivers/STM32F1xx_HAL_Driver/Src/stm32f1xx_hal_tim_ex.o
 .debug_info    0x000000000000f108     0x161a ./Drivers/STM32F1xx_HAL_Driver/Src/stm32f1xx_hal_uart.o

.debug_abbrev   0x0000000000000000     0x264a
 .debug_abbrev  0x0000000000000000      0x1ea ./Core/Src/UART.o
 .debug_abbrev  0x00000000000001ea       0x6a ./Core/Src/fsm_automatic.o
 .debug_abbrev  0x0000000000000254       0x6a ./Core/Src/fsm_manual.o
 .debug_abbrev  0x00000000000002be      0x16d ./Core/Src/fsm_system.o
 .debug_abbrev  0x000000000000042b       0x6a ./Core/Src/fsm_tuning.o
 .debug_abbrev  0x0000000000000495       0x4e ./Core/Src/global.o
 .debug_abbrev  0x00000000000004e3      0x29a ./Core/Src/main.o
 .debug_abbrev  0x000000000000077d       0x6a ./Core/Src/pedestrian.o
 .debug_abbrev  0x00000000000007e7      0x1d9 ./Core/Src/reading_button.o
 .debug_abbrev  0x00000000000009c0      0x15a ./Core/Src/setting_led.o
 .debug_abbrev  0x0000000000000b1a       0x94 ./Core/Src/software_timer.o
 .debug_abbrev  0x0000000000000bae      0x1c8 ./Core/Src/stm32f1xx_hal_msp.o
 .debug_abbrev  0x0000000000000d76      0x176 ./Core/Src/stm32f1xx_it.o
 .debug_abbrev  0x0000000000000eec      0x1bf ./Core/Src/sysmem.o
 .debug_abbrev  0x00000000000010ab      0x14e ./Core/Src/system_stm32f1xx.o
 .debug_abbrev  0x00000000000011f9      0x16d ./Core/Src/traffic.o
 .debug_abbrev  0x0000000000001366       0x12 ./Core/Startup/startup_stm32f103rbtx.o
 .debug_abbrev  0x0000000000001378      0x1ed ./Drivers/STM32F1xx_HAL_Driver/Src/stm32f1xx_hal.o
 .debug_abbrev  0x0000000000001565      0x313 ./Drivers/STM32F1xx_HAL_Driver/Src/stm32f1xx_hal_cortex.o
 .debug_abbrev  0x0000000000001878      0x228 ./Drivers/STM32F1xx_HAL_Driver/Src/stm32f1xx_hal_dma.o
 .debug_abbrev  0x0000000000001aa0      0x1e8 ./Drivers/STM32F1xx_HAL_Driver/Src/stm32f1xx_hal_gpio.o
 .debug_abbrev  0x0000000000001c88      0x273 ./Drivers/STM32F1xx_HAL_Driver/Src/stm32f1xx_hal_rcc.o
 .debug_abbrev  0x0000000000001efb      0x25e ./Drivers/STM32F1xx_HAL_Driver/Src/stm32f1xx_hal_tim.o
 .debug_abbrev  0x0000000000002159      0x266 ./Drivers/STM32F1xx_HAL_Driver/Src/stm32f1xx_hal_tim_ex.o
 .debug_abbrev  0x00000000000023bf      0x28b ./Drivers/STM32F1xx_HAL_Driver/Src/stm32f1xx_hal_uart.o

.debug_aranges  0x0000000000000000      0xe38
 .debug_aranges
                0x0000000000000000       0x30 ./Core/Src/UART.o
 .debug_aranges
                0x0000000000000030       0x20 ./Core/Src/fsm_automatic.o
 .debug_aranges
                0x0000000000000050       0x20 ./Core/Src/fsm_manual.o
 .debug_aranges
                0x0000000000000070       0x20 ./Core/Src/fsm_system.o
 .debug_aranges
                0x0000000000000090       0x20 ./Core/Src/fsm_tuning.o
 .debug_aranges
                0x00000000000000b0       0x18 ./Core/Src/global.o
 .debug_aranges
                0x00000000000000c8       0x58 ./Core/Src/main.o
 .debug_aranges
                0x0000000000000120       0x20 ./Core/Src/pedestrian.o
 .debug_aranges
                0x0000000000000140       0x48 ./Core/Src/reading_button.o
 .debug_aranges
                0x0000000000000188       0xa0 ./Core/Src/setting_led.o
 .debug_aranges
                0x0000000000000228       0x40 ./Core/Src/software_timer.o
 .debug_aranges
                0x0000000000000268       0x48 ./Core/Src/stm32f1xx_hal_msp.o
 .debug_aranges
                0x00000000000002b0       0x78 ./Core/Src/stm32f1xx_it.o
 .debug_aranges
                0x0000000000000328       0x20 ./Core/Src/sysmem.o
 .debug_aranges
                0x0000000000000348       0x28 ./Core/Src/system_stm32f1xx.o
 .debug_aranges
                0x0000000000000370       0x20 ./Core/Src/traffic.o
 .debug_aranges
                0x0000000000000390       0x28 ./Core/Startup/startup_stm32f103rbtx.o
 .debug_aranges
                0x00000000000003b8       0xe0 ./Drivers/STM32F1xx_HAL_Driver/Src/stm32f1xx_hal.o
 .debug_aranges
                0x0000000000000498      0x100 ./Drivers/STM32F1xx_HAL_Driver/Src/stm32f1xx_hal_cortex.o
 .debug_aranges
                0x0000000000000598       0x80 ./Drivers/STM32F1xx_HAL_Driver/Src/stm32f1xx_hal_dma.o
 .debug_aranges
                0x0000000000000618       0x58 ./Drivers/STM32F1xx_HAL_Driver/Src/stm32f1xx_hal_gpio.o
 .debug_aranges
                0x0000000000000670       0x90 ./Drivers/STM32F1xx_HAL_Driver/Src/stm32f1xx_hal_rcc.o
 .debug_aranges
                0x0000000000000700      0x3d0 ./Drivers/STM32F1xx_HAL_Driver/Src/stm32f1xx_hal_tim.o
 .debug_aranges
                0x0000000000000ad0      0x168 ./Drivers/STM32F1xx_HAL_Driver/Src/stm32f1xx_hal_tim_ex.o
 .debug_aranges
                0x0000000000000c38      0x200 ./Drivers/STM32F1xx_HAL_Driver/Src/stm32f1xx_hal_uart.o

.debug_ranges   0x0000000000000000      0xcd8
 .debug_ranges  0x0000000000000000       0x20 ./Core/Src/UART.o
 .debug_ranges  0x0000000000000020       0x10 ./Core/Src/fsm_automatic.o
 .debug_ranges  0x0000000000000030       0x10 ./Core/Src/fsm_manual.o
 .debug_ranges  0x0000000000000040       0x10 ./Core/Src/fsm_system.o
 .debug_ranges  0x0000000000000050       0x10 ./Core/Src/fsm_tuning.o
 .debug_ranges  0x0000000000000060       0x48 ./Core/Src/main.o
 .debug_ranges  0x00000000000000a8       0x10 ./Core/Src/pedestrian.o
 .debug_ranges  0x00000000000000b8       0x38 ./Core/Src/reading_button.o
 .debug_ranges  0x00000000000000f0       0x90 ./Core/Src/setting_led.o
 .debug_ranges  0x0000000000000180       0x30 ./Core/Src/software_timer.o
 .debug_ranges  0x00000000000001b0       0x38 ./Core/Src/stm32f1xx_hal_msp.o
 .debug_ranges  0x00000000000001e8       0x68 ./Core/Src/stm32f1xx_it.o
 .debug_ranges  0x0000000000000250       0x10 ./Core/Src/sysmem.o
 .debug_ranges  0x0000000000000260       0x18 ./Core/Src/system_stm32f1xx.o
 .debug_ranges  0x0000000000000278       0x10 ./Core/Src/traffic.o
 .debug_ranges  0x0000000000000288       0x20 ./Core/Startup/startup_stm32f103rbtx.o
 .debug_ranges  0x00000000000002a8       0xd0 ./Drivers/STM32F1xx_HAL_Driver/Src/stm32f1xx_hal.o
 .debug_ranges  0x0000000000000378       0xf0 ./Drivers/STM32F1xx_HAL_Driver/Src/stm32f1xx_hal_cortex.o
 .debug_ranges  0x0000000000000468       0x70 ./Drivers/STM32F1xx_HAL_Driver/Src/stm32f1xx_hal_dma.o
 .debug_ranges  0x00000000000004d8       0x48 ./Drivers/STM32F1xx_HAL_Driver/Src/stm32f1xx_hal_gpio.o
 .debug_ranges  0x0000000000000520       0x80 ./Drivers/STM32F1xx_HAL_Driver/Src/stm32f1xx_hal_rcc.o
 .debug_ranges  0x00000000000005a0      0x3c0 ./Drivers/STM32F1xx_HAL_Driver/Src/stm32f1xx_hal_tim.o
 .debug_ranges  0x0000000000000960      0x158 ./Drivers/STM32F1xx_HAL_Driver/Src/stm32f1xx_hal_tim_ex.o
 .debug_ranges  0x0000000000000ab8      0x220 ./Drivers/STM32F1xx_HAL_Driver/Src/stm32f1xx_hal_uart.o

.debug_macro    0x0000000000000000    0x189c3
 .debug_macro   0x0000000000000000      0x354 ./Core/Src/UART.o
 .debug_macro   0x0000000000000354      0xa9c ./Core/Src/UART.o
 .debug_macro   0x0000000000000df0      0x21b ./Core/Src/UART.o
 .debug_macro   0x000000000000100b       0x2e ./Core/Src/UART.o
 .debug_macro   0x0000000000001039       0x22 ./Core/Src/UART.o
 .debug_macro   0x000000000000105b       0x22 ./Core/Src/UART.o
 .debug_macro   0x000000000000107d       0x8e ./Core/Src/UART.o
 .debug_macro   0x000000000000110b       0x51 ./Core/Src/UART.o
 .debug_macro   0x000000000000115c      0x103 ./Core/Src/UART.o
 .debug_macro   0x000000000000125f       0x6a ./Core/Src/UART.o
 .debug_macro   0x00000000000012c9      0x1df ./Core/Src/UART.o
 .debug_macro   0x00000000000014a8       0x1c ./Core/Src/UART.o
 .debug_macro   0x00000000000014c4       0x22 ./Core/Src/UART.o
 .debug_macro   0x00000000000014e6       0xc3 ./Core/Src/UART.o
 .debug_macro   0x00000000000015a9      0xd23 ./Core/Src/UART.o
 .debug_macro   0x00000000000022cc     0xe09e ./Core/Src/UART.o
 .debug_macro   0x000000000001036a       0x6d ./Core/Src/UART.o
 .debug_macro   0x00000000000103d7     0x3468 ./Core/Src/UART.o
 .debug_macro   0x000000000001383f      0x174 ./Core/Src/UART.o
 .debug_macro   0x00000000000139b3       0x5c ./Core/Src/UART.o
 .debug_macro   0x0000000000013a0f      0x5be ./Core/Src/UART.o
 .debug_macro   0x0000000000013fcd      0x289 ./Core/Src/UART.o
 .debug_macro   0x0000000000014256      0x1cb ./Core/Src/UART.o
 .debug_macro   0x0000000000014421      0x114 ./Core/Src/UART.o
 .debug_macro   0x0000000000014535      0x1b2 ./Core/Src/UART.o
 .debug_macro   0x00000000000146e7       0x27 ./Core/Src/UART.o
 .debug_macro   0x000000000001470e      0x136 ./Core/Src/UART.o
 .debug_macro   0x0000000000014844      0x1bc ./Core/Src/UART.o
 .debug_macro   0x0000000000014a00       0x34 ./Core/Src/UART.o
 .debug_macro   0x0000000000014a34       0x3c ./Core/Src/UART.o
 .debug_macro   0x0000000000014a70       0x57 ./Core/Src/UART.o
 .debug_macro   0x0000000000014ac7       0x88 ./Core/Src/UART.o
 .debug_macro   0x0000000000014b4f      0x241 ./Core/Src/UART.o
 .debug_macro   0x0000000000014d90      0x141 ./Core/Src/UART.o
 .debug_macro   0x0000000000014ed1      0x8d1 ./Core/Src/UART.o
 .debug_macro   0x00000000000157a2      0x279 ./Core/Src/UART.o
 .debug_macro   0x0000000000015a1b       0x83 ./Core/Src/UART.o
 .debug_macro   0x0000000000015a9e       0xac ./Core/Src/UART.o
 .debug_macro   0x0000000000015b4a       0x16 ./Core/Src/UART.o
 .debug_macro   0x0000000000015b60       0x2e ./Core/Src/UART.o
 .debug_macro   0x0000000000015b8e       0x8e ./Core/Src/UART.o
 .debug_macro   0x0000000000015c1c       0x52 ./Core/Src/UART.o
 .debug_macro   0x0000000000015c6e       0x18 ./Core/Src/UART.o
 .debug_macro   0x0000000000015c86       0x3c ./Core/Src/UART.o
 .debug_macro   0x0000000000015cc2       0x34 ./Core/Src/UART.o
 .debug_macro   0x0000000000015cf6       0x16 ./Core/Src/UART.o
 .debug_macro   0x0000000000015d0c       0x35 ./Core/Src/UART.o
 .debug_macro   0x0000000000015d41      0x333 ./Core/Src/UART.o
 .debug_macro   0x0000000000016074       0x10 ./Core/Src/UART.o
 .debug_macro   0x0000000000016084       0x16 ./Core/Src/UART.o
 .debug_macro   0x000000000001609a       0x43 ./Core/Src/UART.o
 .debug_macro   0x00000000000160dd       0x34 ./Core/Src/UART.o
 .debug_macro   0x0000000000016111       0x10 ./Core/Src/UART.o
 .debug_macro   0x0000000000016121       0x58 ./Core/Src/UART.o
 .debug_macro   0x0000000000016179       0x71 ./Core/Src/UART.o
 .debug_macro   0x00000000000161ea       0x1c ./Core/Src/UART.o
 .debug_macro   0x0000000000016206      0x12a ./Core/Src/UART.o
 .debug_macro   0x0000000000016330       0x10 ./Core/Src/UART.o
 .debug_macro   0x0000000000016340       0x1c ./Core/Src/UART.o
 .debug_macro   0x000000000001635c       0x52 ./Core/Src/UART.o
 .debug_macro   0x00000000000163ae       0x22 ./Core/Src/UART.o
 .debug_macro   0x00000000000163d0       0x10 ./Core/Src/UART.o
 .debug_macro   0x00000000000163e0       0x40 ./Core/Src/UART.o
 .debug_macro   0x0000000000016420       0xd5 ./Core/Src/UART.o
 .debug_macro   0x00000000000164f5       0x1c ./Core/Src/UART.o
 .debug_macro   0x0000000000016511       0x3d ./Core/Src/UART.o
 .debug_macro   0x000000000001654e       0x16 ./Core/Src/UART.o
 .debug_macro   0x0000000000016564      0x145 ./Core/Src/UART.o
 .debug_macro   0x00000000000166a9       0xb0 ./Core/Src/fsm_automatic.o
 .debug_macro   0x0000000000016759       0xb0 ./Core/Src/fsm_manual.o
 .debug_macro   0x0000000000016809      0x22b ./Core/Src/fsm_system.o
 .debug_macro   0x0000000000016a34       0xb0 ./Core/Src/fsm_tuning.o
 .debug_macro   0x0000000000016ae4       0xa2 ./Core/Src/global.o
 .debug_macro   0x0000000000016b86      0x205 ./Core/Src/main.o
 .debug_macro   0x0000000000016d8b       0xac ./Core/Src/pedestrian.o
 .debug_macro   0x0000000000016e37      0x1bb ./Core/Src/reading_button.o
 .debug_macro   0x0000000000016ff2      0x1bb ./Core/Src/setting_led.o
 .debug_macro   0x00000000000171ad       0x1b ./Core/Src/software_timer.o
 .debug_macro   0x00000000000171c8      0x1b2 ./Core/Src/stm32f1xx_hal_msp.o
 .debug_macro   0x000000000001737a      0x1bc ./Core/Src/stm32f1xx_it.o
 .debug_macro   0x0000000000017536       0xff ./Core/Src/sysmem.o
 .debug_macro   0x0000000000017635      0x23b ./Core/Src/sysmem.o
 .debug_macro   0x0000000000017870      0x1a3 ./Core/Src/system_stm32f1xx.o
 .debug_macro   0x0000000000017a13      0x1f5 ./Core/Src/traffic.o
 .debug_macro   0x0000000000017c08      0x1c7 ./Drivers/STM32F1xx_HAL_Driver/Src/stm32f1xx_hal.o
 .debug_macro   0x0000000000017dcf      0x1a3 ./Drivers/STM32F1xx_HAL_Driver/Src/stm32f1xx_hal_cortex.o
 .debug_macro   0x0000000000017f72      0x1a3 ./Drivers/STM32F1xx_HAL_Driver/Src/stm32f1xx_hal_dma.o
 .debug_macro   0x0000000000018115      0x20e ./Drivers/STM32F1xx_HAL_Driver/Src/stm32f1xx_hal_gpio.o
 .debug_macro   0x0000000000018323      0x1b5 ./Drivers/STM32F1xx_HAL_Driver/Src/stm32f1xx_hal_rcc.o
 .debug_macro   0x00000000000184d8      0x1a4 ./Drivers/STM32F1xx_HAL_Driver/Src/stm32f1xx_hal_tim.o
 .debug_macro   0x000000000001867c      0x1a3 ./Drivers/STM32F1xx_HAL_Driver/Src/stm32f1xx_hal_tim_ex.o
 .debug_macro   0x000000000001881f      0x1a4 ./Drivers/STM32F1xx_HAL_Driver/Src/stm32f1xx_hal_uart.o

.debug_line     0x0000000000000000    0x101c5
 .debug_line    0x0000000000000000      0x9b3 ./Core/Src/UART.o
 .debug_line    0x00000000000009b3      0x4a0 ./Core/Src/fsm_automatic.o
 .debug_line    0x0000000000000e53      0x4d1 ./Core/Src/fsm_manual.o
 .debug_line    0x0000000000001324      0x7ae ./Core/Src/fsm_system.o
 .debug_line    0x0000000000001ad2      0x4c0 ./Core/Src/fsm_tuning.o
 .debug_line    0x0000000000001f92      0x3dc ./Core/Src/global.o
 .debug_line    0x000000000000236e      0x8fd ./Core/Src/main.o
 .debug_line    0x0000000000002c6b      0x460 ./Core/Src/pedestrian.o
 .debug_line    0x00000000000030cb      0x7b7 ./Core/Src/reading_button.o
 .debug_line    0x0000000000003882      0x810 ./Core/Src/setting_led.o
 .debug_line    0x0000000000004092      0x12d ./Core/Src/software_timer.o
 .debug_line    0x00000000000041bf      0x75d ./Core/Src/stm32f1xx_hal_msp.o
 .debug_line    0x000000000000491c      0x787 ./Core/Src/stm32f1xx_it.o
 .debug_line    0x00000000000050a3      0x4f8 ./Core/Src/sysmem.o
 .debug_line    0x000000000000559b      0x6fb ./Core/Src/system_stm32f1xx.o
 .debug_line    0x0000000000005c96      0x6d7 ./Core/Src/traffic.o
 .debug_line    0x000000000000636d       0x87 ./Core/Startup/startup_stm32f103rbtx.o
 .debug_line    0x00000000000063f4      0x928 ./Drivers/STM32F1xx_HAL_Driver/Src/stm32f1xx_hal.o
 .debug_line    0x0000000000006d1c      0xb10 ./Drivers/STM32F1xx_HAL_Driver/Src/stm32f1xx_hal_cortex.o
 .debug_line    0x000000000000782c      0xd80 ./Drivers/STM32F1xx_HAL_Driver/Src/stm32f1xx_hal_dma.o
 .debug_line    0x00000000000085ac      0x9bf ./Drivers/STM32F1xx_HAL_Driver/Src/stm32f1xx_hal_gpio.o
 .debug_line    0x0000000000008f6b      0xd36 ./Drivers/STM32F1xx_HAL_Driver/Src/stm32f1xx_hal_rcc.o
 .debug_line    0x0000000000009ca1     0x32d1 ./Drivers/STM32F1xx_HAL_Driver/Src/stm32f1xx_hal_tim.o
 .debug_line    0x000000000000cf72     0x1850 ./Drivers/STM32F1xx_HAL_Driver/Src/stm32f1xx_hal_tim_ex.o
 .debug_line    0x000000000000e7c2     0x1a03 ./Drivers/STM32F1xx_HAL_Driver/Src/stm32f1xx_hal_uart.o

.debug_str      0x0000000000000000    0x8b327
 .debug_str     0x0000000000000000    0x87c92 ./Core/Src/UART.o
                                      0x88128 (size before relaxing)
 .debug_str     0x0000000000087c92       0x44 ./Core/Src/fsm_automatic.o
                                       0x3ffd (size before relaxing)
 .debug_str     0x0000000000087cd6       0x3b ./Core/Src/fsm_manual.o
                                       0x3ff4 (size before relaxing)
 .debug_str     0x0000000000087d11       0x5c ./Core/Src/fsm_system.o
                                      0x840ac (size before relaxing)
 .debug_str     0x0000000000087d6d       0x28 ./Core/Src/fsm_tuning.o
                                       0x3ff4 (size before relaxing)
 .debug_str     0x0000000000087d95       0x15 ./Core/Src/global.o
                                       0x3fce (size before relaxing)
 .debug_str     0x0000000000087daa      0x382 ./Core/Src/main.o
                                      0x843db (size before relaxing)
 .debug_str     0x000000000008812c       0x28 ./Core/Src/pedestrian.o
                                       0x3ff4 (size before relaxing)
 .debug_str     0x0000000000088154       0x9d ./Core/Src/reading_button.o
                                      0x83e5a (size before relaxing)
 .debug_str     0x00000000000881f1      0x126 ./Core/Src/setting_led.o
                                      0x83e3e (size before relaxing)
 .debug_str     0x0000000000088317       0x62 ./Core/Src/software_timer.o
                                       0x2e34 (size before relaxing)
 .debug_str     0x0000000000088379      0x332 ./Core/Src/stm32f1xx_hal_msp.o
                                      0x84106 (size before relaxing)
 .debug_str     0x00000000000886ab       0xef ./Core/Src/stm32f1xx_it.o
                                      0x83dc4 (size before relaxing)
 .debug_str     0x000000000008879a      0x4e9 ./Core/Src/sysmem.o
                                       0x624e (size before relaxing)
 .debug_str     0x0000000000088c83       0x52 ./Core/Src/system_stm32f1xx.o
                                      0x83446 (size before relaxing)
 .debug_str     0x0000000000088cd5       0x32 ./Core/Src/traffic.o
                                      0x84059 (size before relaxing)
 .debug_str     0x0000000000088d07       0x36 ./Core/Startup/startup_stm32f103rbtx.o
                                         0x62 (size before relaxing)
 .debug_str     0x0000000000088d3d      0x304 ./Drivers/STM32F1xx_HAL_Driver/Src/stm32f1xx_hal.o
                                      0x83ad7 (size before relaxing)
 .debug_str     0x0000000000089041      0x300 ./Drivers/STM32F1xx_HAL_Driver/Src/stm32f1xx_hal_cortex.o
                                      0x83adf (size before relaxing)
 .debug_str     0x0000000000089341      0x235 ./Drivers/STM32F1xx_HAL_Driver/Src/stm32f1xx_hal_dma.o
                                      0x83821 (size before relaxing)
 .debug_str     0x0000000000089576      0x31f ./Drivers/STM32F1xx_HAL_Driver/Src/stm32f1xx_hal_gpio.o
                                      0x8380a (size before relaxing)
 .debug_str     0x0000000000089895      0x24f ./Drivers/STM32F1xx_HAL_Driver/Src/stm32f1xx_hal_rcc.o
                                      0x83843 (size before relaxing)
 .debug_str     0x0000000000089ae4      0xd68 ./Drivers/STM32F1xx_HAL_Driver/Src/stm32f1xx_hal_tim.o
                                      0x84815 (size before relaxing)
 .debug_str     0x000000000008a84c      0x4ee ./Drivers/STM32F1xx_HAL_Driver/Src/stm32f1xx_hal_tim_ex.o
                                      0x83fc6 (size before relaxing)
 .debug_str     0x000000000008ad3a      0x5ed ./Drivers/STM32F1xx_HAL_Driver/Src/stm32f1xx_hal_uart.o
                                      0x83e35 (size before relaxing)

.comment        0x0000000000000000       0x53
 .comment       0x0000000000000000       0x53 ./Core/Src/UART.o
                                         0x54 (size before relaxing)
 .comment       0x0000000000000053       0x54 ./Core/Src/fsm_automatic.o
 .comment       0x0000000000000053       0x54 ./Core/Src/fsm_manual.o
 .comment       0x0000000000000053       0x54 ./Core/Src/fsm_system.o
 .comment       0x0000000000000053       0x54 ./Core/Src/fsm_tuning.o
 .comment       0x0000000000000053       0x54 ./Core/Src/global.o
 .comment       0x0000000000000053       0x54 ./Core/Src/main.o
 .comment       0x0000000000000053       0x54 ./Core/Src/pedestrian.o
 .comment       0x0000000000000053       0x54 ./Core/Src/reading_button.o
 .comment       0x0000000000000053       0x54 ./Core/Src/setting_led.o
 .comment       0x0000000000000053       0x54 ./Core/Src/software_timer.o
 .comment       0x0000000000000053       0x54 ./Core/Src/stm32f1xx_hal_msp.o
 .comment       0x0000000000000053       0x54 ./Core/Src/stm32f1xx_it.o
 .comment       0x0000000000000053       0x54 ./Core/Src/sysmem.o
 .comment       0x0000000000000053       0x54 ./Core/Src/system_stm32f1xx.o
 .comment       0x0000000000000053       0x54 ./Core/Src/traffic.o
 .comment       0x0000000000000053       0x54 ./Drivers/STM32F1xx_HAL_Driver/Src/stm32f1xx_hal.o
 .comment       0x0000000000000053       0x54 ./Drivers/STM32F1xx_HAL_Driver/Src/stm32f1xx_hal_cortex.o
 .comment       0x0000000000000053       0x54 ./Drivers/STM32F1xx_HAL_Driver/Src/stm32f1xx_hal_dma.o
 .comment       0x0000000000000053       0x54 ./Drivers/STM32F1xx_HAL_Driver/Src/stm32f1xx_hal_gpio.o
 .comment       0x0000000000000053       0x54 ./Drivers/STM32F1xx_HAL_Driver/Src/stm32f1xx_hal_rcc.o
 .comment       0x0000000000000053       0x54 ./Drivers/STM32F1xx_HAL_Driver/Src/stm32f1xx_hal_tim.o
 .comment       0x0000000000000053       0x54 ./Drivers/STM32F1xx_HAL_Driver/Src/stm32f1xx_hal_tim_ex.o
 .comment       0x0000000000000053       0x54 ./Drivers/STM32F1xx_HAL_Driver/Src/stm32f1xx_hal_uart.o

.debug_frame    0x0000000000000000     0x3b14
 .debug_frame   0x0000000000000000       0x64 ./Core/Src/UART.o
 .debug_frame   0x0000000000000064       0x2c ./Core/Src/fsm_automatic.o
 .debug_frame   0x0000000000000090       0x2c ./Core/Src/fsm_manual.o
 .debug_frame   0x00000000000000bc       0x2c ./Core/Src/fsm_system.o
 .debug_frame   0x00000000000000e8       0x2c ./Core/Src/fsm_tuning.o
 .debug_frame   0x0000000000000114      0x114 ./Core/Src/main.o
 .debug_frame   0x0000000000000228       0x2c ./Core/Src/pedestrian.o
 .debug_frame   0x0000000000000254       0xcc ./Core/Src/reading_button.o
 .debug_frame   0x0000000000000320      0x1ec ./Core/Src/setting_led.o
 .debug_frame   0x000000000000050c       0xd0 ./Core/Src/software_timer.o
 .debug_frame   0x00000000000005dc       0xec ./Core/Src/stm32f1xx_hal_msp.o
 .debug_frame   0x00000000000006c8      0x158 ./Core/Src/stm32f1xx_it.o
 .debug_frame   0x0000000000000820       0x34 ./Core/Src/sysmem.o
 .debug_frame   0x0000000000000854       0x58 ./Core/Src/system_stm32f1xx.o
 .debug_frame   0x00000000000008ac       0x2c ./Core/Src/traffic.o
 .debug_frame   0x00000000000008d8      0x334 ./Drivers/STM32F1xx_HAL_Driver/Src/stm32f1xx_hal.o
 .debug_frame   0x0000000000000c0c      0x428 ./Drivers/STM32F1xx_HAL_Driver/Src/stm32f1xx_hal_cortex.o
 .debug_frame   0x0000000000001034      0x208 ./Drivers/STM32F1xx_HAL_Driver/Src/stm32f1xx_hal_dma.o
 .debug_frame   0x000000000000123c      0x14c ./Drivers/STM32F1xx_HAL_Driver/Src/stm32f1xx_hal_gpio.o
 .debug_frame   0x0000000000001388      0x21c ./Drivers/STM32F1xx_HAL_Driver/Src/stm32f1xx_hal_rcc.o
 .debug_frame   0x00000000000015a4     0x11b8 ./Drivers/STM32F1xx_HAL_Driver/Src/stm32f1xx_hal_tim.o
 .debug_frame   0x000000000000275c      0x638 ./Drivers/STM32F1xx_HAL_Driver/Src/stm32f1xx_hal_tim_ex.o
 .debug_frame   0x0000000000002d94      0x914 ./Drivers/STM32F1xx_HAL_Driver/Src/stm32f1xx_hal_uart.o
 .debug_frame   0x00000000000036a8       0x20 c:/st/stm32cubeide_1.7.0/stm32cubeide/plugins/com.st.stm32cube.ide.mcu.externaltools.gnu-tools-for-stm32.9-2020-q2-update.win32_2.0.0.202105311346/tools/bin/../lib/gcc/arm-none-eabi/9.3.1/../../../../arm-none-eabi/lib/thumb/v7-m/nofp\libc_nano.a(lib_a-errno.o)
 .debug_frame   0x00000000000036c8       0x2c c:/st/stm32cubeide_1.7.0/stm32cubeide/plugins/com.st.stm32cube.ide.mcu.externaltools.gnu-tools-for-stm32.9-2020-q2-update.win32_2.0.0.202105311346/tools/bin/../lib/gcc/arm-none-eabi/9.3.1/../../../../arm-none-eabi/lib/thumb/v7-m/nofp\libc_nano.a(lib_a-init.o)
 .debug_frame   0x00000000000036f4       0x20 c:/st/stm32cubeide_1.7.0/stm32cubeide/plugins/com.st.stm32cube.ide.mcu.externaltools.gnu-tools-for-stm32.9-2020-q2-update.win32_2.0.0.202105311346/tools/bin/../lib/gcc/arm-none-eabi/9.3.1/../../../../arm-none-eabi/lib/thumb/v7-m/nofp\libc_nano.a(lib_a-memset.o)
 .debug_frame   0x0000000000003714       0x6c c:/st/stm32cubeide_1.7.0/stm32cubeide/plugins/com.st.stm32cube.ide.mcu.externaltools.gnu-tools-for-stm32.9-2020-q2-update.win32_2.0.0.202105311346/tools/bin/../lib/gcc/arm-none-eabi/9.3.1/../../../../arm-none-eabi/lib/thumb/v7-m/nofp\libc_nano.a(lib_a-sprintf.o)
 .debug_frame   0x0000000000003780       0x90 c:/st/stm32cubeide_1.7.0/stm32cubeide/plugins/com.st.stm32cube.ide.mcu.externaltools.gnu-tools-for-stm32.9-2020-q2-update.win32_2.0.0.202105311346/tools/bin/../lib/gcc/arm-none-eabi/9.3.1/../../../../arm-none-eabi/lib/thumb/v7-m/nofp\libc_nano.a(lib_a-nano-svfprintf.o)
 .debug_frame   0x0000000000003810       0x60 c:/st/stm32cubeide_1.7.0/stm32cubeide/plugins/com.st.stm32cube.ide.mcu.externaltools.gnu-tools-for-stm32.9-2020-q2-update.win32_2.0.0.202105311346/tools/bin/../lib/gcc/arm-none-eabi/9.3.1/../../../../arm-none-eabi/lib/thumb/v7-m/nofp\libc_nano.a(lib_a-nano-vfprintf_i.o)
 .debug_frame   0x0000000000003870       0x28 c:/st/stm32cubeide_1.7.0/stm32cubeide/plugins/com.st.stm32cube.ide.mcu.externaltools.gnu-tools-for-stm32.9-2020-q2-update.win32_2.0.0.202105311346/tools/bin/../lib/gcc/arm-none-eabi/9.3.1/../../../../arm-none-eabi/lib/thumb/v7-m/nofp\libc_nano.a(lib_a-memchr-stub.o)
 .debug_frame   0x0000000000003898       0x28 c:/st/stm32cubeide_1.7.0/stm32cubeide/plugins/com.st.stm32cube.ide.mcu.externaltools.gnu-tools-for-stm32.9-2020-q2-update.win32_2.0.0.202105311346/tools/bin/../lib/gcc/arm-none-eabi/9.3.1/../../../../arm-none-eabi/lib/thumb/v7-m/nofp\libc_nano.a(lib_a-memcpy-stub.o)
 .debug_frame   0x00000000000038c0       0x28 c:/st/stm32cubeide_1.7.0/stm32cubeide/plugins/com.st.stm32cube.ide.mcu.externaltools.gnu-tools-for-stm32.9-2020-q2-update.win32_2.0.0.202105311346/tools/bin/../lib/gcc/arm-none-eabi/9.3.1/../../../../arm-none-eabi/lib/thumb/v7-m/nofp\libc_nano.a(lib_a-memmove.o)
 .debug_frame   0x00000000000038e8       0x38 c:/st/stm32cubeide_1.7.0/stm32cubeide/plugins/com.st.stm32cube.ide.mcu.externaltools.gnu-tools-for-stm32.9-2020-q2-update.win32_2.0.0.202105311346/tools/bin/../lib/gcc/arm-none-eabi/9.3.1/../../../../arm-none-eabi/lib/thumb/v7-m/nofp\libc_nano.a(lib_a-nano-freer.o)
 .debug_frame   0x0000000000003920       0x30 c:/st/stm32cubeide_1.7.0/stm32cubeide/plugins/com.st.stm32cube.ide.mcu.externaltools.gnu-tools-for-stm32.9-2020-q2-update.win32_2.0.0.202105311346/tools/bin/../lib/gcc/arm-none-eabi/9.3.1/../../../../arm-none-eabi/lib/thumb/v7-m/nofp\libc_nano.a(lib_a-nano-mallocr.o)
 .debug_frame   0x0000000000003950       0x3c c:/st/stm32cubeide_1.7.0/stm32cubeide/plugins/com.st.stm32cube.ide.mcu.externaltools.gnu-tools-for-stm32.9-2020-q2-update.win32_2.0.0.202105311346/tools/bin/../lib/gcc/arm-none-eabi/9.3.1/../../../../arm-none-eabi/lib/thumb/v7-m/nofp\libc_nano.a(lib_a-nano-reallocr.o)
 .debug_frame   0x000000000000398c       0x2c c:/st/stm32cubeide_1.7.0/stm32cubeide/plugins/com.st.stm32cube.ide.mcu.externaltools.gnu-tools-for-stm32.9-2020-q2-update.win32_2.0.0.202105311346/tools/bin/../lib/gcc/arm-none-eabi/9.3.1/../../../../arm-none-eabi/lib/thumb/v7-m/nofp\libc_nano.a(lib_a-sbrkr.o)
 .debug_frame   0x00000000000039b8       0x30 c:/st/stm32cubeide_1.7.0/stm32cubeide/plugins/com.st.stm32cube.ide.mcu.externaltools.gnu-tools-for-stm32.9-2020-q2-update.win32_2.0.0.202105311346/tools/bin/../lib/gcc/arm-none-eabi/9.3.1/../../../../arm-none-eabi/lib/thumb/v7-m/nofp\libc_nano.a(lib_a-mlock.o)
 .debug_frame   0x00000000000039e8       0x20 c:/st/stm32cubeide_1.7.0/stm32cubeide/plugins/com.st.stm32cube.ide.mcu.externaltools.gnu-tools-for-stm32.9-2020-q2-update.win32_2.0.0.202105311346/tools/bin/../lib/gcc/arm-none-eabi/9.3.1/../../../../arm-none-eabi/lib/thumb/v7-m/nofp\libc_nano.a(lib_a-nano-msizer.o)
 .debug_frame   0x0000000000003a08       0x5c c:/st/stm32cubeide_1.7.0/stm32cubeide/plugins/com.st.stm32cube.ide.mcu.externaltools.gnu-tools-for-stm32.9-2020-q2-update.win32_2.0.0.202105311346/tools/bin/../lib/gcc/arm-none-eabi/9.3.1/../../../../arm-none-eabi/lib/thumb/v7-m/nofp\libc_nano.a(lib_a-reent.o)