setting_led.c:12:6:testLed	8	static
setting_led.c:15:6:turnOnRedLed1	8	static
setting_led.c:19:6:turnOnYellowLed1	8	static
setting_led.c:23:6:turnOnGreenLed1	8	static
setting_led.c:27:6:turnOffAllLed1	8	static
setting_led.c:31:6:turnOnRedLed2	8	static
setting_led.c:35:6:turnOnYellowLed2	8	static
setting_led.c:39:6:turnOnGreenLed2	8	static
setting_led.c:43:6:turnOffAllLed2	8	static
setting_led.c:47:6:turnOnPesRedLed	8	static
setting_led.c:51:6:turnOnPesGreenLed	8	static
setting_led.c:55:6:turnOffAllPesLed	8	static
setting_led.c:59:6:turnOffAllLed	8	static
setting_led.c:64:6:BlinkyPesGreenLed	8	static
setting_led.c:68:6:BlinkyAllRedLed	8	static
setting_led.c:74:6:BlinkyAllYellowLed	8	static
setting_led.c:80:6:BlinkyAllGreenLed	8	static
