setting_led.c:13:6:turnOnRedLed1	8	static
setting_led.c:17:6:turnOnYellowLed1	8	static
setting_led.c:21:6:turnOnGreenLed1	8	static
setting_led.c:25:6:turnOffAllLed1	8	static
setting_led.c:29:6:turnOnRedLed2	8	static
setting_led.c:33:6:turnOnYellowLed2	8	static
setting_led.c:37:6:turnOnGreenLed2	8	static
setting_led.c:41:6:turnOffAllLed2	8	static
setting_led.c:45:6:turnOnPesRedLed	8	static
setting_led.c:49:6:turnOnPesGreenLed	8	static
setting_led.c:53:6:turnOffAllPesLed	8	static
setting_led.c:57:6:turnOffAllLed	8	static
setting_led.c:62:6:BlinkyPesGreenLed	8	static
